<?xml version="1.0"?>
<testsuite name="Chrome Headless 149.0.0.0 (Windows 10)" package="" timestamp="2026-07-07T13:44:41" id="0" hostname="DESKTOP-5PIN9LJ" tests="298" errors="1" failures="14" time="0.969">
  <properties>
    <property name="browser.fullName" value="Mozilla/5.0 (Windows NT 10.0; Win64; x64) AppleWebKit/537.36 (KHTML, like Gecko) HeadlessChrome/149.0.0.0 Safari/537.36"/>
  </properties>
  <testcase name="FooterComponent should create" time="0.054" classname="FooterComponent">
    <failure type="">NullInjectorError: R3InjectorError(DynamicTestModule)[AuthService -&gt; HttpClient -&gt; HttpClient]: 
  NullInjectorError: No provider for HttpClient!
error properties: Object({ ngTempTokenPath: null, ngTokenPath: [ 'AuthService', 'HttpClient', 'HttpClient' ] })
    at NullInjector.get (node_modules/@angular/core/fesm2022/core.mjs:8890:27)
    at R3Injector.get (node_modules/@angular/core/fesm2022/core.mjs:9334:33)
    at R3Injector.get (node_modules/@angular/core/fesm2022/core.mjs:9334:33)
    at injectInjectorOnly (node_modules/@angular/core/fesm2022/core.mjs:842:40)
    at ɵɵinject (node_modules/@angular/core/fesm2022/core.mjs:848:60)
    at Object.factory (ng:///AuthService/ɵfac.js:4:39)
    at callback (node_modules/@angular/core/fesm2022/core.mjs:9454:43)
    at runInInjectorProfilerContext (node_modules/@angular/core/fesm2022/core.mjs:798:9)
    at R3Injector.hydrate (node_modules/@angular/core/fesm2022/core.mjs:9453:17)
    at R3Injector.get (node_modules/@angular/core/fesm2022/core.mjs:9323:33)
</failure>
  </testcase>
  <testcase name="HeaderComponent should create" time="0.005" classname="HeaderComponent">
    <failure type="">NullInjectorError: R3InjectorError(DynamicTestModule)[AuthService -&gt; HttpClient -&gt; HttpClient]: 
  NullInjectorError: No provider for HttpClient!
error properties: Object({ ngTempTokenPath: null, ngTokenPath: [ 'AuthService', 'HttpClient', 'HttpClient' ] })
    at NullInjector.get (node_modules/@angular/core/fesm2022/core.mjs:8890:27)
    at R3Injector.get (node_modules/@angular/core/fesm2022/core.mjs:9334:33)
    at R3Injector.get (node_modules/@angular/core/fesm2022/core.mjs:9334:33)
    at injectInjectorOnly (node_modules/@angular/core/fesm2022/core.mjs:842:40)
    at ɵɵinject (node_modules/@angular/core/fesm2022/core.mjs:848:60)
    at Object.factory (ng:///AuthService/ɵfac.js:4:39)
    at callback (node_modules/@angular/core/fesm2022/core.mjs:9454:43)
    at runInInjectorProfilerContext (node_modules/@angular/core/fesm2022/core.mjs:798:9)
    at R3Injector.hydrate (node_modules/@angular/core/fesm2022/core.mjs:9453:17)
    at R3Injector.get (node_modules/@angular/core/fesm2022/core.mjs:9323:33)
</failure>
  </testcase>
  <testcase name="ProductService should propagate a 404 error from getById through handleError" time="0.005" classname="ProductService"/>
  <testcase name="ProductService should handle delete error" time="0.003" classname="ProductService"/>
  <testcase name="ProductService should delete a product" time="0.003" classname="ProductService"/>
  <testcase name="ProductService should update a product then reload it via getById" time="0.003" classname="ProductService"/>
  <testcase name="ProductService getImageUrl returns default image when empty/null/undefined" time="0.002" classname="ProductService getImageUrl"/>
  <testcase name="ProductService getImageUrl builds full URL for UUID-like filenames" time="0.003" classname="ProductService getImageUrl"/>
  <testcase name="ProductService getImageUrl returns assets path as-is" time="0.002" classname="ProductService getImageUrl"/>
  <testcase name="ProductService getImageUrl returns full URLs as-is" time="0.002" classname="ProductService getImageUrl"/>
  <testcase name="ProductService should create a product then reload it via getById" time="0.005" classname="ProductService"/>
  <testcase name="ProductService getCategoryName returns &quot;Non catégorisé&quot; when nothing is available" time="0.002" classname="ProductService getCategoryName"/>
  <testcase name="ProductService getCategoryName returns category name when present" time="0.001" classname="ProductService getCategoryName"/>
  <testcase name="ProductService should fetch a product by id and enrich it with its category" time="0.003" classname="ProductService"/>
  <testcase name="ProductService should fetch all products via getAll()" time="0.002" classname="ProductService"/>
  <testcase name="ProductService should be created" time="0.003" classname="ProductService"/>
  <testcase name="ProductService should handle create error" time="0.002" classname="ProductService"/>
  <testcase name="HomeComponent should create" time="0.026" classname="HomeComponent">
    <failure type="">NullInjectorError: R3InjectorError(DynamicTestModule)[ProductService -&gt; HttpClient -&gt; HttpClient]: 
  NullInjectorError: No provider for HttpClient!
error properties: Object({ ngTempTokenPath: null, ngTokenPath: [ 'ProductService', 'HttpClient', 'HttpClient' ] })
    at NullInjector.get (node_modules/@angular/core/fesm2022/core.mjs:8890:27)
    at R3Injector.get (node_modules/@angular/core/fesm2022/core.mjs:9334:33)
    at R3Injector.get (node_modules/@angular/core/fesm2022/core.mjs:9334:33)
    at injectInjectorOnly (node_modules/@angular/core/fesm2022/core.mjs:842:40)
    at ɵɵinject (node_modules/@angular/core/fesm2022/core.mjs:848:60)
    at Object.factory (ng:///ProductService/ɵfac.js:4:42)
    at callback (node_modules/@angular/core/fesm2022/core.mjs:9454:43)
    at runInInjectorProfilerContext (node_modules/@angular/core/fesm2022/core.mjs:798:9)
    at R3Injector.hydrate (node_modules/@angular/core/fesm2022/core.mjs:9453:17)
    at R3Injector.get (node_modules/@angular/core/fesm2022/core.mjs:9323:33)
</failure>
  </testcase>
  <testcase name="NavbarComponent should create" time="0.008" classname="NavbarComponent">
    <failure type="">NullInjectorError: R3InjectorError(DynamicTestModule)[AuthService -&gt; HttpClient -&gt; HttpClient]: 
  NullInjectorError: No provider for HttpClient!
error properties: Object({ ngTempTokenPath: null, ngTokenPath: [ 'AuthService', 'HttpClient', 'HttpClient' ] })
    at NullInjector.get (node_modules/@angular/core/fesm2022/core.mjs:8890:27)
    at R3Injector.get (node_modules/@angular/core/fesm2022/core.mjs:9334:33)
    at R3Injector.get (node_modules/@angular/core/fesm2022/core.mjs:9334:33)
    at injectInjectorOnly (node_modules/@angular/core/fesm2022/core.mjs:842:40)
    at ɵɵinject (node_modules/@angular/core/fesm2022/core.mjs:848:60)
    at Object.factory (ng:///AuthService/ɵfac.js:4:39)
    at callback (node_modules/@angular/core/fesm2022/core.mjs:9454:43)
    at runInInjectorProfilerContext (node_modules/@angular/core/fesm2022/core.mjs:798:9)
    at R3Injector.hydrate (node_modules/@angular/core/fesm2022/core.mjs:9453:17)
    at R3Injector.get (node_modules/@angular/core/fesm2022/core.mjs:9323:33)
</failure>
  </testcase>
  <testcase name="CategoryService should fetch all categories via getAll()" time="0.002" classname="CategoryService"/>
  <testcase name="CategoryService should handle error when create() fails" time="0.002" classname="CategoryService"/>
  <testcase name="CategoryService should handle 404 error when category not found" time="0.001" classname="CategoryService"/>
  <testcase name="CategoryService should update a category via update()" time="0.001" classname="CategoryService"/>
  <testcase name="CategoryService should handle error when getAll() fails" time="0.003" classname="CategoryService"/>
  <testcase name="CategoryService should fetch a category by id via getById()" time="0.001" classname="CategoryService"/>
  <testcase name="CategoryService should handle multiple requests in sequence" time="0.001" classname="CategoryService"/>
  <testcase name="CategoryService should be created" time="0" classname="CategoryService"/>
  <testcase name="CategoryService should handle error when update() fails" time="0.001" classname="CategoryService"/>
  <testcase name="CategoryService should create a new category via create()" time="0.001" classname="CategoryService"/>
  <testcase name="CategoryService should delete a category via delete()" time="0.002" classname="CategoryService">
    <failure type="">Expected null to be undefined.
    at &lt;Jasmine&gt;
    at Object.next (src/app/core/services/category.service.spec.ts:178:24)
    at ConsumerObserver.next (node_modules/rxjs/dist/esm/internal/Subscriber.js:91:33)
    at SafeSubscriber._next (node_modules/rxjs/dist/esm/internal/Subscriber.js:60:26)
    at SafeSubscriber.next (node_modules/rxjs/dist/esm/internal/Subscriber.js:31:18)
</failure>
  </testcase>
  <testcase name="CategoryService should handle error when delete() fails" time="0.001" classname="CategoryService"/>
  <testcase name="ProductListComponent should handle delete error" time="0.03" classname="ProductListComponent"/>
  <testcase name="ProductListComponent should not delete without confirmation" time="0.004" classname="ProductListComponent"/>
  <testcase name="ProductListComponent should add product to cart" time="0.009" classname="ProductListComponent"/>
  <testcase name="ProductListComponent should create" time="0.003" classname="ProductListComponent"/>
  <testcase name="ProductListComponent should filter by search keyword" time="0.005" classname="ProductListComponent"/>
  <testcase name="ProductListComponent should get paginated products" time="0.003" classname="ProductListComponent"/>
  <testcase name="ProductListComponent should delete product with confirmation" time="0.002" classname="ProductListComponent"/>
  <testcase name="ProductListComponent should handle error when adding to cart" time="0.004" classname="ProductListComponent"/>
  <testcase name="ProductListComponent should load products on init" time="0.005" classname="ProductListComponent"/>
  <testcase name="ProductListComponent should filter by category" time="0.003" classname="ProductListComponent"/>
  <testcase name="ProductDetailComponent should go back" time="0.01" classname="ProductDetailComponent"/>
  <testcase name="ProductDetailComponent should not delete without confirmation" time="0.002" classname="ProductDetailComponent"/>
  <testcase name="ProductDetailComponent should delete product with confirmation" time="0.002" classname="ProductDetailComponent"/>
  <testcase name="ProductDetailComponent should handle error when adding to cart" time="0.002" classname="ProductDetailComponent"/>
  <testcase name="ProductDetailComponent should handle error when loading product" time="0.003" classname="ProductDetailComponent"/>
  <testcase name="ProductDetailComponent should add product to cart" time="0.002" classname="ProductDetailComponent"/>
  <testcase name="ProductDetailComponent should create" time="0.002" classname="ProductDetailComponent"/>
  <testcase name="ProductDetailComponent should load product on init" time="0.002" classname="ProductDetailComponent"/>
  <testcase name="OrderService should handle 500 error from createOrder" time="0.003" classname="OrderService"/>
  <testcase name="OrderService should test create order" time="0.002" classname="OrderService"/>
  <testcase name="OrderService should update order status" time="0.003" classname="OrderService"/>
  <testcase name="OrderService should get total items in order" time="0.003" classname="OrderService"/>
  <testcase name="OrderService should get order by id" time="0.001" classname="OrderService"/>
  <testcase name="OrderService should get order by cart id" time="0.002" classname="OrderService"/>
  <testcase name="OrderService should handle error when userId is negative" time="0.002" classname="OrderService"/>
  <testcase name="OrderService should handle empty orders" time="0.001" classname="OrderService"/>
  <testcase name="OrderService should get status text" time="0.002" classname="OrderService"/>
  <testcase name="OrderService should get all orders (admin)" time="0.002" classname="OrderService"/>
  <testcase name="OrderService should return N/A for invalid date" time="0.002" classname="OrderService"/>
  <testcase name="OrderService should be created" time="0.002" classname="OrderService"/>
  <testcase name="OrderService should format date" time="0.009" classname="OrderService"/>
  <testcase name="OrderService should handle error when updating status" time="0.002" classname="OrderService"/>
  <testcase name="OrderService should handle 404 from getOrderById" time="0.001" classname="OrderService"/>
  <testcase name="OrderService should get status color" time="0.002" classname="OrderService"/>
  <testcase name="OrderService should delete order" time="0.002" classname="OrderService"/>
  <testcase name="OrderService should create order from cart" time="0.003" classname="OrderService"/>
  <testcase name="OrderService should get orders by user" time="0.003" classname="OrderService"/>
  <testcase name="OrderService should handle error when deleting order" time="0.002" classname="OrderService"/>
  <testcase name="OrderService should handle error when userId is invalid (0)" time="0.002" classname="OrderService"/>
  <testcase name="ProductFormComponent should load categories on init" time="0.031" classname="ProductFormComponent"/>
  <testcase name="ProductFormComponent should create" time="0.01" classname="ProductFormComponent"/>
  <testcase name="ProductFormComponent should validate form" time="0.004" classname="ProductFormComponent"/>
  <testcase name="ProductFormComponent should create product" time="0.003" classname="ProductFormComponent"/>
  <testcase name="ProductFormComponent should navigate back on cancel" time="0.003" classname="ProductFormComponent"/>
  <testcase name="ProductFormComponent should load product for edit mode" time="0.004" classname="ProductFormComponent"/>
  <testcase name="ProductFormComponent should handle create error" time="0.004" classname="ProductFormComponent"/>
  <testcase name="ProductFormComponent should update product" time="0.003" classname="ProductFormComponent"/>
  <testcase name="OrderListComponent should navigate to order details" time="0.015" classname="OrderListComponent"/>
  <testcase name="OrderListComponent should reload orders" time="0.003" classname="OrderListComponent"/>
  <testcase name="OrderListComponent should format price" time="0.003" classname="OrderListComponent"/>
  <testcase name="OrderListComponent should load orders on init for user" time="0.006" classname="OrderListComponent"/>
  <testcase name="OrderListComponent should get status text" time="0.002" classname="OrderListComponent"/>
  <testcase name="OrderListComponent should get status class" time="0.002" classname="OrderListComponent"/>
  <testcase name="OrderListComponent should update status with confirmation" time="0.002" classname="OrderListComponent"/>
  <testcase name="OrderListComponent should create order from cart" time="0.004" classname="OrderListComponent"/>
  <testcase name="OrderListComponent should get total items in order" time="0.003" classname="OrderListComponent"/>
  <testcase name="OrderListComponent should get status color" time="0.002" classname="OrderListComponent"/>
  <testcase name="OrderListComponent should not delete order without confirmation" time="0.002" classname="OrderListComponent"/>
  <testcase name="OrderListComponent should not update status without confirmation" time="0.002" classname="OrderListComponent"/>
  <testcase name="OrderListComponent should format date" time="0.002" classname="OrderListComponent"/>
  <testcase name="OrderListComponent should load all orders for admin" time="0.004" classname="OrderListComponent"/>
  <testcase name="OrderListComponent should filter by search term (admin only)" time="0.002" classname="OrderListComponent"/>
  <testcase name="OrderListComponent should not create order without user" time="0.003" classname="OrderListComponent"/>
  <testcase name="OrderListComponent should create" time="0.003" classname="OrderListComponent"/>
  <testcase name="OrderListComponent should delete order" time="0.004" classname="OrderListComponent"/>
  <testcase name="OrderListComponent should calculate stats correctly" time="0.003" classname="OrderListComponent">
    <failure type="">Expected undefined to be 1.
    at &lt;Jasmine&gt;
    at UserContext.apply (src/app/orders/order-list/order-list.component.spec.ts:141:51)
    at _ZoneDelegate.invoke (node_modules/zone.js/fesm2015/zone.js:368:26)
    at ProxyZoneSpec.onInvoke (node_modules/zone.js/fesm2015/zone-testing.js:273:39)
    at _ZoneDelegate.invoke (node_modules/zone.js/fesm2015/zone.js:367:52)
</failure>
  </testcase>
  <testcase name="OrderListComponent should clear filters" time="0.002" classname="OrderListComponent"/>
  <testcase name="OrderListComponent should redirect to login if no user" time="0.002" classname="OrderListComponent"/>
  <testcase name="OrderListComponent should filter by status" time="0.003" classname="OrderListComponent">
    <failure type="">Expected 0 to be 1.
    at &lt;Jasmine&gt;
    at UserContext.apply (src/app/orders/order-list/order-list.component.spec.ts:154:45)
    at _ZoneDelegate.invoke (node_modules/zone.js/fesm2015/zone.js:368:26)
    at ProxyZoneSpec.onInvoke (node_modules/zone.js/fesm2015/zone-testing.js:273:39)
    at _ZoneDelegate.invoke (node_modules/zone.js/fesm2015/zone.js:367:52)
</failure>
    <failure type="">Expected undefined to be 'EN_ATTENTE'.
    at &lt;Jasmine&gt;
    at UserContext.apply (src/app/orders/order-list/order-list.component.spec.ts:155:49)
    at _ZoneDelegate.invoke (node_modules/zone.js/fesm2015/zone.js:368:26)
    at ProxyZoneSpec.onInvoke (node_modules/zone.js/fesm2015/zone-testing.js:273:39)
    at _ZoneDelegate.invoke (node_modules/zone.js/fesm2015/zone.js:367:52)
</failure>
  </testcase>
  <testcase name="OrderListComponent should handle error when loading orders" time="0.004" classname="OrderListComponent"/>
  <testcase name="RegisterComponent should show error when fields are empty" time="0.008" classname="RegisterComponent"/>
  <testcase name="RegisterComponent should show error when passwords do not match" time="0.004" classname="RegisterComponent"/>
  <testcase name="RegisterComponent should handle registration error - email already used" time="0.004" classname="RegisterComponent"/>
  <testcase name="RegisterComponent should create" time="0.004" classname="RegisterComponent"/>
  <testcase name="RegisterComponent should handle registration error - server error" time="0.004" classname="RegisterComponent"/>
  <testcase name="RegisterComponent should navigate to login with return URL" time="0.005" classname="RegisterComponent"/>
  <testcase name="RegisterComponent should handle backend test error" time="0.003" classname="RegisterComponent"/>
  <testcase name="RegisterComponent should handle registration error - 404" time="0.003" classname="RegisterComponent"/>
  <testcase name="RegisterComponent should navigate to login" time="0.003" classname="RegisterComponent"/>
  <testcase name="RegisterComponent should show error when password is too short" time="0.003" classname="RegisterComponent"/>
  <testcase name="RegisterComponent should test backend" time="0.004" classname="RegisterComponent"/>
  <testcase name="RegisterComponent should fill test data" time="0.004" classname="RegisterComponent"/>
  <testcase name="RegisterComponent should show error when email is invalid" time="0.003" classname="RegisterComponent"/>
  <testcase name="RegisterComponent should register successfully" time="0.005" classname="RegisterComponent"/>
  <testcase name="RegisterComponent should initialize with empty fields" time="0.002" classname="RegisterComponent"/>
  <testcase name="RegisterComponent should reset form" time="0.002" classname="RegisterComponent"/>
  <testcase name="AuthService should handle error when login fails" time="0.003" classname="AuthService"/>
  <testcase name="AuthService should redirect to products if no user" time="0.002" classname="AuthService"/>
  <testcase name="AuthService should check if user is client" time="0.003" classname="AuthService"/>
  <testcase name="AuthService should clear auth data" time="0.002" classname="AuthService"/>
  <testcase name="AuthService should fail login with invalid credentials" time="0.002" classname="AuthService"/>
  <testcase name="AuthService should redirect client to products" time="0.002" classname="AuthService"/>
  <testcase name="AuthService should redirect admin to categories" time="0.001" classname="AuthService"/>
  <testcase name="AuthService should check if user is authenticated" time="0.001" classname="AuthService"/>
  <testcase name="AuthService should login as admin successfully" time="0.002" classname="AuthService"/>
  <testcase name="AuthService should get token" time="0.001" classname="AuthService"/>
  <testcase name="AuthService should test backend connection" time="0.002" classname="AuthService"/>
  <testcase name="AuthService should get current user" time="0.001" classname="AuthService"/>
  <testcase name="AuthService should login successfully with valid credentials" time="0.001" classname="AuthService"/>
  <testcase name="AuthService should be created" time="0.001" classname="AuthService"/>
  <testcase name="AuthService should store auth data after login" time="0.001" classname="AuthService"/>
  <testcase name="AuthService should get all users for debug" time="0.002" classname="AuthService"/>
  <testcase name="AuthService should check if user is admin" time="0.001" classname="AuthService"/>
  <testcase name="AuthService should get auth status" time="0.002" classname="AuthService"/>
  <testcase name="AuthService should handle backend connection error" time="0.002" classname="AuthService"/>
  <testcase name="AuthService should clear auth data on logout" time="0.002" classname="AuthService"/>
  <testcase name="AuthService should update auth state" time="0.001" classname="AuthService"/>
  <testcase name="AuthService should notify auth state change" time="0.002" classname="AuthService"/>
  <testcase name="AuthService should get auth state observable" time="0.002" classname="AuthService"/>
  <testcase name="AuthService should handle error when register fails" time="0.002" classname="AuthService"/>
  <testcase name="AuthService should register successfully" time="0.002" classname="AuthService"/>
  <testcase name="LoginComponent should login successfully" time="0.006" classname="LoginComponent"/>
  <testcase name="LoginComponent should login with return URL" time="0.003" classname="LoginComponent"/>
  <testcase name="LoginComponent should handle login error - 404" time="0.002" classname="LoginComponent"/>
  <testcase name="LoginComponent should handle login error - server error" time="0.002" classname="LoginComponent"/>
  <testcase name="LoginComponent should create" time="0.003" classname="LoginComponent"/>
  <testcase name="LoginComponent should reset form" time="0.003" classname="LoginComponent"/>
  <testcase name="LoginComponent should initialize with empty fields" time="0.002" classname="LoginComponent"/>
  <testcase name="LoginComponent should navigate to register" time="0.002" classname="LoginComponent"/>
  <testcase name="LoginComponent should check for session expired message" time="0.002" classname="LoginComponent"/>
  <testcase name="LoginComponent should test client login" time="0.002" classname="LoginComponent"/>
  <testcase name="LoginComponent should list all users" time="0.004" classname="LoginComponent"/>
  <testcase name="LoginComponent should test admin login" time="0.003" classname="LoginComponent"/>
  <testcase name="LoginComponent should test backend connection" time="0.003" classname="LoginComponent"/>
  <testcase name="LoginComponent should handle backend test error" time="0.003" classname="LoginComponent"/>
  <testcase name="LoginComponent should handle login error - invalid credentials" time="0.008" classname="LoginComponent"/>
  <testcase name="LoginComponent should show error when fields are empty" time="0.002" classname="LoginComponent"/>
  <testcase name="CategoryListComponent should return description or dash if empty" time="0.005" classname="CategoryListComponent"/>
  <testcase name="CategoryListComponent should load categories on init" time="0.002" classname="CategoryListComponent"/>
  <testcase name="CategoryListComponent should navigate to edit category page" time="0.002" classname="CategoryListComponent"/>
  <testcase name="CategoryListComponent should handle error when loading categories fails" time="0.001" classname="CategoryListComponent"/>
  <testcase name="CategoryListComponent should delete category with confirmation" time="0.001" classname="CategoryListComponent"/>
  <testcase name="CategoryListComponent should not navigate to edit with invalid id" time="0.002" classname="CategoryListComponent"/>
  <testcase name="CategoryListComponent should not delete category without confirmation" time="0.001" classname="CategoryListComponent"/>
  <testcase name="CategoryListComponent should not delete category with invalid id" time="0.001" classname="CategoryListComponent"/>
  <testcase name="CategoryListComponent should handle error when delete fails" time="0.001" classname="CategoryListComponent"/>
  <testcase name="CategoryListComponent should navigate to add category page" time="0.001" classname="CategoryListComponent"/>
  <testcase name="CategoryListComponent should create" time="0.001" classname="CategoryListComponent"/>
  <testcase name="OrderDetailComponent should handle invalid order id" time="0.014" classname="OrderDetailComponent"/>
  <testcase name="OrderDetailComponent should not delete order without confirmation" time="0.002" classname="OrderDetailComponent"/>
  <testcase name="OrderDetailComponent should format date" time="0.002" classname="OrderDetailComponent"/>
  <testcase name="OrderDetailComponent should load order on init" time="0.002" classname="OrderDetailComponent"/>
  <testcase name="OrderDetailComponent should check admin status on init" time="0.001" classname="OrderDetailComponent"/>
  <testcase name="OrderDetailComponent should update order status" time="0.001" classname="OrderDetailComponent"/>
  <testcase name="OrderDetailComponent should handle error when loading order fails" time="0.001" classname="OrderDetailComponent"/>
  <testcase name="OrderDetailComponent should create" time="0.002" classname="OrderDetailComponent"/>
  <testcase name="OrderDetailComponent should get status class" time="0.001" classname="OrderDetailComponent"/>
  <testcase name="OrderDetailComponent should generate invoice" time="0.001" classname="OrderDetailComponent"/>
  <testcase name="OrderDetailComponent should delete order with confirmation" time="0.001" classname="OrderDetailComponent"/>
  <testcase name="OrderDetailComponent should print order" time="0.002" classname="OrderDetailComponent"/>
  <testcase name="OrderDetailComponent should get status text" time="0.001" classname="OrderDetailComponent"/>
  <testcase name="OrderDetailComponent should go back to orders" time="0.001" classname="OrderDetailComponent"/>
  <testcase name="OrderDetailComponent should get total quantity from order" time="0.001" classname="OrderDetailComponent"/>
  <testcase name="CartComponent should clear cart with confirmation" time="0.007" classname="CartComponent"/>
  <testcase name="CartComponent should not checkout if cart is empty" time="0.003" classname="CartComponent"/>
  <testcase name="CartComponent should handle error when loading cart fails" time="0.003" classname="CartComponent"/>
  <testcase name="CartComponent should navigate to products" time="0.003" classname="CartComponent"/>
  <testcase name="CartComponent should remove item with confirmation" time="0.002" classname="CartComponent"/>
  <testcase name="CartComponent should create" time="0.001" classname="CartComponent"/>
  <testcase name="CartComponent should get product name" time="0.001" classname="CartComponent"/>
  <testcase name="CartComponent should not remove item without confirmation" time="0.002" classname="CartComponent"/>
  <testcase name="CartComponent should get product image" time="0.003" classname="CartComponent">
    <failure type="">Expected '/api/products/images/test.jpg' to be 'http://localhost:8080/api/products/images/test.jpg'.
    at &lt;Jasmine&gt;
    at UserContext.apply (src/app/cart/cart/cart.component.spec.ts:312:53)
    at _ZoneDelegate.invoke (node_modules/zone.js/fesm2015/zone.js:368:26)
    at ProxyZoneSpec.onInvoke (node_modules/zone.js/fesm2015/zone-testing.js:273:39)
    at _ZoneDelegate.invoke (node_modules/zone.js/fesm2015/zone.js:367:52)
</failure>
  </testcase>
  <testcase name="CartComponent should check if user is authenticated" time="0.002" classname="CartComponent"/>
  <testcase name="CartComponent should format price" time="0.002" classname="CartComponent"/>
  <testcase name="CartComponent should update item quantity" time="0.002" classname="CartComponent"/>
  <testcase name="CartComponent should not clear empty cart" time="0.002" classname="CartComponent"/>
  <testcase name="CartComponent should remove item when quantity is 0" time="0.001" classname="CartComponent"/>
  <testcase name="CartComponent should create order from cart" time="0.001" classname="CartComponent"/>
  <testcase name="CartComponent should handle error when updating quantity fails" time="0.004" classname="CartComponent"/>
  <testcase name="CartComponent should check if cart is empty" time="0.002" classname="CartComponent"/>
  <testcase name="CartComponent should get total items count" time="0.002" classname="CartComponent">
    <failure type="">Expected 3 to be 2.
    at &lt;Jasmine&gt;
    at UserContext.apply (src/app/cart/cart/cart.component.spec.ts:283:39)
    at _ZoneDelegate.invoke (node_modules/zone.js/fesm2015/zone.js:368:26)
    at ProxyZoneSpec.onInvoke (node_modules/zone.js/fesm2015/zone-testing.js:273:39)
    at _ZoneDelegate.invoke (node_modules/zone.js/fesm2015/zone.js:367:52)
</failure>
  </testcase>
  <testcase name="CartComponent should reload cart" time="0.001" classname="CartComponent"/>
  <testcase name="CartComponent should track by item id" time="0.002" classname="CartComponent"/>
  <testcase name="CartComponent should handle error when removing item fails" time="0.002" classname="CartComponent"/>
  <testcase name="CartComponent should load cart on init when authenticated" time="0.002" classname="CartComponent"/>
  <testcase name="CartComponent should show error when not authenticated" time="0.004" classname="CartComponent">
    <failure type="">Expected '' to be 'Veuillez vous connecter pour voir votre panier'.
    at &lt;Jasmine&gt;
    at UserContext.apply (src/app/cart/cart/cart.component.spec.ts:109:36)
    at UserContext.apply (node_modules/zone.js/fesm2015/zone-testing.js:1987:30)
    at _ZoneDelegate.invoke (node_modules/zone.js/fesm2015/zone.js:368:26)
    at ProxyZoneSpec.onInvoke (node_modules/zone.js/fesm2015/zone-testing.js:273:39)
</failure>
  </testcase>
  <testcase name="CartService should remove an item" time="0.002" classname="CartService">
    <failure type="">Expected null to be undefined.
    at &lt;Jasmine&gt;
    at Object.next (src/app/core/services/cart.service.spec.ts:307:24)
    at ConsumerObserver.next (node_modules/rxjs/dist/esm/internal/Subscriber.js:91:33)
    at SafeSubscriber._next (node_modules/rxjs/dist/esm/internal/Subscriber.js:60:26)
    at SafeSubscriber.next (node_modules/rxjs/dist/esm/internal/Subscriber.js:31:18)
</failure>
  </testcase>
  <testcase name="CartService should get cart count" time="0.002" classname="CartService">
    <failure type="">Expected 2 to be 1.
    at &lt;Jasmine&gt;
    at Object.next (src/app/core/services/cart.service.spec.ts:359:21)
    at ConsumerObserver.next (node_modules/rxjs/dist/esm/internal/Subscriber.js:91:33)
    at SafeSubscriber._next (node_modules/rxjs/dist/esm/internal/Subscriber.js:60:26)
    at SafeSubscriber.next (node_modules/rxjs/dist/esm/internal/Subscriber.js:31:18)
</failure>
  </testcase>
  <testcase name="CartService should calculate total number of items" time="0.001" classname="CartService"/>
  <testcase name="CartService should be created" time="0.001" classname="CartService"/>
  <testcase name="CartService should add product to cart" time="0.004" classname="CartService"/>
  <testcase name="CartService should get cart by user id" time="0.002" classname="CartService"/>
  <testcase name="CartService should calculate total from items" time="0.002" classname="CartService"/>
  <testcase name="CartService should handle error when getOrCreateCart fails" time="0.003" classname="CartService"/>
  <testcase name="CartService should get existing cart for user" time="0.002" classname="CartService"/>
  <testcase name="CartService should return 0 for empty items" time="0.002" classname="CartService"/>
  <testcase name="CartService should create new cart if not found (404)" time="0.004" classname="CartService"/>
  <testcase name="CartService should return error if user not authenticated" time="0.002" classname="CartService"/>
  <testcase name="CartService should update an item" time="0.002" classname="CartService"/>
  <testcase name="CartService should add product to cart via simple method" time="0.003" classname="CartService"/>
  <testcase name="CartService should create cart if not found when adding item" time="0.003" classname="CartService"/>
  <testcase name="CartService should delete a cart" time="0.002" classname="CartService">
    <failure type="">Expected null to be undefined.
    at &lt;Jasmine&gt;
    at Object.next (src/app/core/services/cart.service.spec.ts:263:24)
    at ConsumerObserver.next (node_modules/rxjs/dist/esm/internal/Subscriber.js:91:33)
    at SafeSubscriber._next (node_modules/rxjs/dist/esm/internal/Subscriber.js:60:26)
    at SafeSubscriber.next (node_modules/rxjs/dist/esm/internal/Subscriber.js:31:18)
</failure>
  </testcase>
  <testcase name="CartService should get current cart id" time="0.002" classname="CartService"/>
  <testcase name="CartService should add an item to cart" time="0.002" classname="CartService"/>
  <testcase name="CartService should notify cart update" time="0.002" classname="CartService"/>
  <testcase name="CartService should create a new cart" time="0.003" classname="CartService"/>
  <testcase name="CartService should update a cart" time="0.003" classname="CartService"/>
  <testcase name="CartService should return 0 if user not authenticated" time="0.002" classname="CartService"/>
  <testcase name="CartService should get cart by id" time="0.002" classname="CartService"/>
  <testcase name="CartService should return 0 for empty items" time="0.002" classname="CartService"/>
  <testcase name="CartService should handle error when getting cart by user" time="0.002" classname="CartService"/>
  <testcase name="UserListComponent AfterViewInit should call testDirectApiCall" time="0.01" classname="UserListComponent AfterViewInit"/>
  <testcase name="UserListComponent Génération HTML d'erreur should generate backend error HTML" time="0.003" classname="UserListComponent Génération HTML d'erreur"/>
  <testcase name="UserListComponent Génération HTML d'erreur should handle error without message" time="0.003" classname="UserListComponent Génération HTML d'erreur"/>
  <testcase name="UserListComponent Rafraîchissement should refresh user list" time="0.002" classname="UserListComponent Rafraîchissement"/>
  <testcase name="UserListComponent Gestion d'erreur should handle status 403 error" time="0.003" classname="UserListComponent Gestion d'erreur"/>
  <testcase name="UserListComponent Gestion d'erreur should handle status 401 error" time="0.004" classname="UserListComponent Gestion d'erreur"/>
  <testcase name="UserListComponent Gestion d'erreur should handle status 404 error" time="0.003" classname="UserListComponent Gestion d'erreur"/>
  <testcase name="UserListComponent Gestion d'erreur should handle unknown error" time="0.003" classname="UserListComponent Gestion d'erreur"/>
  <testcase name="UserListComponent Gestion d'erreur should handle status 0 error" time="0.003" classname="UserListComponent Gestion d'erreur"/>
  <testcase name="UserListComponent Données mockées should load mock data correctly" time="0.003" classname="UserListComponent Données mockées"/>
  <testcase name="UserListComponent Données mockées should handle missing current user in mock data" time="0.003" classname="UserListComponent Données mockées"/>
  <testcase name="UserListComponent Création d'utilisateur test should create test user successfully" time="0.002" classname="UserListComponent Création d'utilisateur test"/>
  <testcase name="UserListComponent Création d'utilisateur test should handle create error and add mock user locally" time="0.005" classname="UserListComponent Création d'utilisateur test"/>
  <testcase name="UserListComponent Méthodes utilitaires should get correct role class for ADMIN" time="0.004" classname="UserListComponent Méthodes utilitaires"/>
  <testcase name="UserListComponent Méthodes utilitaires should get correct role class for CLIENT" time="0.003" classname="UserListComponent Méthodes utilitaires"/>
  <testcase name="UserListComponent Méthodes utilitaires should get correct role text for CLIENT" time="0.002" classname="UserListComponent Méthodes utilitaires"/>
  <testcase name="UserListComponent Méthodes utilitaires should get correct role text for ADMIN" time="0.002" classname="UserListComponent Méthodes utilitaires"/>
  <testcase name="UserListComponent Méthodes utilitaires should get correct role icon for CLIENT" time="0.002" classname="UserListComponent Méthodes utilitaires"/>
  <testcase name="UserListComponent Méthodes utilitaires should get correct role icon for ADMIN" time="0.002" classname="UserListComponent Méthodes utilitaires"/>
  <testcase name="UserListComponent Initialisation du composant should load users when authenticated and admin" time="0.014" classname="UserListComponent Initialisation du composant"/>
  <testcase name="UserListComponent Initialisation du composant should create the component" time="0.003" classname="UserListComponent Initialisation du composant"/>
  <testcase name="UserListComponent Initialisation du composant should NOT load users when not authenticated" time="0.004" classname="UserListComponent Initialisation du composant"/>
  <testcase name="UserListComponent Initialisation du composant should NOT load users when not admin" time="0.004" classname="UserListComponent Initialisation du composant"/>
  <testcase name="UserListComponent Initialisation du composant should check admin status on init" time="0.005" classname="UserListComponent Initialisation du composant"/>
  <testcase name="UserListComponent Initialisation du composant should initialize with default values" time="0.002" classname="UserListComponent Initialisation du composant"/>
  <testcase name="UserListComponent Initialisation du composant should load current user on init" time="0.005" classname="UserListComponent Initialisation du composant"/>
  <testcase name="UserListComponent Chargement des utilisateurs should handle non-array data" time="0.004" classname="UserListComponent Chargement des utilisateurs"/>
  <testcase name="UserListComponent Chargement des utilisateurs should handle backend error" time="0.004" classname="UserListComponent Chargement des utilisateurs"/>
  <testcase name="UserListComponent Chargement des utilisateurs should handle connection error and load mock data" time="0.005" classname="UserListComponent Chargement des utilisateurs"/>
  <testcase name="UserListComponent Chargement des utilisateurs should load users successfully" time="0.003" classname="UserListComponent Chargement des utilisateurs"/>
  <testcase name="UserListComponent Chargement des utilisateurs should handle empty user list" time="0.002" classname="UserListComponent Chargement des utilisateurs"/>
  <testcase name="UserListComponent Suppression d'utilisateur should not delete user without confirmation" time="0.003" classname="UserListComponent Suppression d'utilisateur"/>
  <testcase name="UserListComponent Suppression d'utilisateur should not delete last admin" time="0.003" classname="UserListComponent Suppression d'utilisateur"/>
  <testcase name="UserListComponent Suppression d'utilisateur should delete user with confirmation" time="0.003" classname="UserListComponent Suppression d'utilisateur"/>
  <testcase name="UserListComponent Suppression d'utilisateur should not delete user with invalid id" time="0.002" classname="UserListComponent Suppression d'utilisateur"/>
  <testcase name="UserListComponent Suppression d'utilisateur should not delete non-existent user" time="0.003" classname="UserListComponent Suppression d'utilisateur"/>
  <testcase name="UserListComponent Suppression d'utilisateur should handle delete error" time="0.005" classname="UserListComponent Suppression d'utilisateur"/>
  <testcase name="UserListComponent Suppression d'utilisateur should not delete current user" time="0.002" classname="UserListComponent Suppression d'utilisateur"/>
  <testcase name="CategoryFormComponent should update an existing category" time="0.015" classname="CategoryFormComponent"/>
  <testcase name="CategoryFormComponent should validate required fields" time="0.006" classname="CategoryFormComponent"/>
  <testcase name="CategoryFormComponent should create a new category" time="0.004" classname="CategoryFormComponent"/>
  <testcase name="CategoryFormComponent should handle error when create fails" time="0.004" classname="CategoryFormComponent"/>
  <testcase name="CategoryFormComponent should validate min length for nom" time="0.005" classname="CategoryFormComponent"/>
  <testcase name="CategoryFormComponent should create" time="0.003" classname="CategoryFormComponent"/>
  <testcase name="CategoryFormComponent should handle error when update fails" time="0.003" classname="CategoryFormComponent"/>
  <testcase name="CategoryFormComponent should handle error when loading category in edit mode" time="0.004" classname="CategoryFormComponent"/>
  <testcase name="CategoryFormComponent should navigate back on cancel" time="0.009" classname="CategoryFormComponent"/>
  <testcase name="CategoryFormComponent should load category in edit mode" time="0.004" classname="CategoryFormComponent"/>
  <testcase name="CategoryFormComponent should initialize form with empty values in create mode" time="0.003" classname="CategoryFormComponent"/>
  <testcase name="CategoryFormComponent should have getters for form controls" time="0.004" classname="CategoryFormComponent"/>
  <testcase name="CategoryFormComponent should not submit if form is invalid" time="0.004" classname="CategoryFormComponent"/>
  <testcase name="UserService should be created" time="0.003" classname="UserService"/>
  <testcase name="UserService should delete a user" time="0.002" classname="UserService"/>
  <testcase name="UserService should create a user" time="0.002" classname="UserService"/>
  <testcase name="UserService should fetch all users" time="0.001" classname="UserService"/>
  <testcase name="AppComponent should have alert mocked globally" time="0.001" classname="AppComponent"/>
  <testcase name="AppComponent should have window.confirm defined as a function" time="0" classname="AppComponent"/>
  <testcase name="AppComponent should render title" time="0.004" classname="AppComponent">
    <failure type="">NullInjectorError: R3InjectorError(DynamicTestModule)[AuthService -&gt; HttpClient -&gt; HttpClient]: 
  NullInjectorError: No provider for HttpClient!
error properties: Object({ ngTempTokenPath: null, ngTokenPath: [ 'AuthService', 'HttpClient', 'HttpClient' ] })
    at NullInjector.get (node_modules/@angular/core/fesm2022/core.mjs:8890:27)
    at R3Injector.get (node_modules/@angular/core/fesm2022/core.mjs:9334:33)
    at R3Injector.get (node_modules/@angular/core/fesm2022/core.mjs:9334:33)
    at injectInjectorOnly (node_modules/@angular/core/fesm2022/core.mjs:842:40)
    at ɵɵinject (node_modules/@angular/core/fesm2022/core.mjs:848:60)
    at Object.factory (ng:///AuthService/ɵfac.js:4:39)
    at callback (node_modules/@angular/core/fesm2022/core.mjs:9454:43)
    at runInInjectorProfilerContext (node_modules/@angular/core/fesm2022/core.mjs:798:9)
    at R3Injector.hydrate (node_modules/@angular/core/fesm2022/core.mjs:9453:17)
    at R3Injector.get (node_modules/@angular/core/fesm2022/core.mjs:9323:33)
</failure>
  </testcase>
  <system-out>
    <![CDATA[Chrome Headless 149.0.0.0 (Windows 10) LOG: '🌐 ProductService API URL:', '/api/products'
,Chrome Headless 149.0.0.0 (Windows 10) LOG: '🌐 CategoryService API URL:', '/api/categories'
,Chrome Headless 149.0.0.0 (Windows 10) LOG: '🔄 ProductService - Récupération produit 1'
,Chrome Headless 149.0.0.0 (Windows 10) ERROR: '❌ ProductService Error:', Object{status: 404, statusText: 'Not Found', url: '/api/products/1', error: 'Not found'}
,Chrome Headless 149.0.0.0 (Windows 10) LOG: '🌐 ProductService API URL:', '/api/products'
,Chrome Headless 149.0.0.0 (Windows 10) LOG: '🌐 CategoryService API URL:', '/api/categories'
,Chrome Headless 149.0.0.0 (Windows 10) LOG: '🗑️ Suppression produit 1'
,Chrome Headless 149.0.0.0 (Windows 10) ERROR: '❌ ProductService Error:', Object{status: 500, statusText: 'Internal Server Error', url: '/api/products/1', error: 'Erreur'}
,Chrome Headless 149.0.0.0 (Windows 10) LOG: '🌐 ProductService API URL:', '/api/products'
,Chrome Headless 149.0.0.0 (Windows 10) LOG: '🌐 CategoryService API URL:', '/api/categories'
,Chrome Headless 149.0.0.0 (Windows 10) LOG: '🗑️ Suppression produit 1'
,Chrome Headless 149.0.0.0 (Windows 10) LOG: '✅ Produit 1 supprimé'
,Chrome Headless 149.0.0.0 (Windows 10) LOG: '🌐 ProductService API URL:', '/api/products'
,Chrome Headless 149.0.0.0 (Windows 10) LOG: '🌐 CategoryService API URL:', '/api/categories'
,Chrome Headless 149.0.0.0 (Windows 10) LOG: '📦 Payload préparé:', Object{nom: 'Modifié', description: '', prix: 20, stock: 3, actif: true, categoryId: 2}
,Chrome Headless 149.0.0.0 (Windows 10) LOG: '📤 Mise à jour produit 1:', Object{nom: 'Modifié', description: '', prix: 20, stock: 3, actif: true, categoryId: 2}
,Chrome Headless 149.0.0.0 (Windows 10) LOG: '🔄 ProductService - Récupération produit 1'
,Chrome Headless 149.0.0.0 (Windows 10) LOG: '🖼️ getImageUrl appelé avec:', 'test.jpg'
,Chrome Headless 149.0.0.0 (Windows 10) LOG: '🌐 ProductService API URL:', '/api/products'
,Chrome Headless 149.0.0.0 (Windows 10) LOG: '🌐 CategoryService API URL:', '/api/categories'
,Chrome Headless 149.0.0.0 (Windows 10) LOG: '🖼️ getImageUrl appelé avec:', null
,Chrome Headless 149.0.0.0 (Windows 10) LOG: '🖼️ getImageUrl appelé avec:', 'undefined'
,Chrome Headless 149.0.0.0 (Windows 10) LOG: '🌐 ProductService API URL:', '/api/products'
,Chrome Headless 149.0.0.0 (Windows 10) LOG: '🌐 CategoryService API URL:', '/api/categories'
,Chrome Headless 149.0.0.0 (Windows 10) LOG: '🖼️ getImageUrl appelé avec:', 'a1b2c3d4-e5f6-7890.jpg'
,Chrome Headless 149.0.0.0 (Windows 10) LOG: '🔗 URL construite:', '/api/products/images/a1b2c3d4-e5f6-7890.jpg'
,Chrome Headless 149.0.0.0 (Windows 10) LOG: '🌐 ProductService API URL:', '/api/products'
,Chrome Headless 149.0.0.0 (Windows 10) LOG: '🌐 CategoryService API URL:', '/api/categories'
,Chrome Headless 149.0.0.0 (Windows 10) LOG: '🖼️ getImageUrl appelé avec:', 'assets/images/foo.jpg'
,Chrome Headless 149.0.0.0 (Windows 10) LOG: '🌐 ProductService API URL:', '/api/products'
,Chrome Headless 149.0.0.0 (Windows 10) LOG: '🌐 CategoryService API URL:', '/api/categories'
,Chrome Headless 149.0.0.0 (Windows 10) LOG: '🖼️ getImageUrl appelé avec:', 'http://example.com/img.jpg'
,Chrome Headless 149.0.0.0 (Windows 10) LOG: '🖼️ getImageUrl appelé avec:', 'blob:abc123'
,Chrome Headless 149.0.0.0 (Windows 10) LOG: '🌐 ProductService API URL:', '/api/products'
,Chrome Headless 149.0.0.0 (Windows 10) LOG: '🌐 CategoryService API URL:', '/api/categories'
,Chrome Headless 149.0.0.0 (Windows 10) LOG: '📦 Payload préparé:', Object{nom: 'Nouveau', description: 'D', prix: 10, stock: 5, actif: true, categoryId: 1}
,Chrome Headless 149.0.0.0 (Windows 10) LOG: '📤 Création produit:', Object{nom: 'Nouveau', description: 'D', prix: 10, stock: 5, actif: true, categoryId: 1}
,Chrome Headless 149.0.0.0 (Windows 10) LOG: '🔄 ProductService - Récupération produit 1'
,Chrome Headless 149.0.0.0 (Windows 10) LOG: '🖼️ getImageUrl appelé avec:', 'test.jpg'
,Chrome Headless 149.0.0.0 (Windows 10) LOG: '🌐 ProductService API URL:', '/api/products'
,Chrome Headless 149.0.0.0 (Windows 10) LOG: '🌐 CategoryService API URL:', '/api/categories'
,Chrome Headless 149.0.0.0 (Windows 10) LOG: '🌐 ProductService API URL:', '/api/products'
,Chrome Headless 149.0.0.0 (Windows 10) LOG: '🌐 CategoryService API URL:', '/api/categories'
,Chrome Headless 149.0.0.0 (Windows 10) LOG: '🌐 ProductService API URL:', '/api/products'
,Chrome Headless 149.0.0.0 (Windows 10) LOG: '🌐 CategoryService API URL:', '/api/categories'
,Chrome Headless 149.0.0.0 (Windows 10) LOG: '🔄 ProductService - Récupération produit 1'
,Chrome Headless 149.0.0.0 (Windows 10) LOG: '🖼️ getImageUrl appelé avec:', 'test.jpg'
,Chrome Headless 149.0.0.0 (Windows 10) LOG: '🌐 ProductService API URL:', '/api/products'
,Chrome Headless 149.0.0.0 (Windows 10) LOG: '🌐 CategoryService API URL:', '/api/categories'
,Chrome Headless 149.0.0.0 (Windows 10) LOG: '🌐 ProductService API URL:', '/api/products'
,Chrome Headless 149.0.0.0 (Windows 10) LOG: '🌐 CategoryService API URL:', '/api/categories'
,Chrome Headless 149.0.0.0 (Windows 10) LOG: '🌐 ProductService API URL:', '/api/products'
,Chrome Headless 149.0.0.0 (Windows 10) LOG: '🌐 CategoryService API URL:', '/api/categories'
,Chrome Headless 149.0.0.0 (Windows 10) LOG: '📦 Payload préparé:', Object{nom: 'Nouveau', description: '', prix: 10, stock: 5, actif: true}
,Chrome Headless 149.0.0.0 (Windows 10) LOG: '📤 Création produit:', Object{nom: 'Nouveau', description: '', prix: 10, stock: 5, actif: true}
,Chrome Headless 149.0.0.0 (Windows 10) ERROR: '❌ ProductService Error:', Object{status: 500, statusText: 'Internal Server Error', url: '/api/products', error: 'Erreur'}
,Chrome Headless 149.0.0.0 (Windows 10) ERROR: 'Erreur suppression:', Error: Delete failed
Error: Delete failed
    at errorFactory (http://localhost:9876/_karma_webpack_/webpack:/src/app/products/product-list/product-list.component.spec.ts:144:64)
    at Observable._subscribe (http://localhost:9876/_karma_webpack_/webpack:/node_modules/rxjs/dist/esm/internal/observable/throwError.js:5:51)
    at Observable._trySubscribe (http://localhost:9876/_karma_webpack_/webpack:/node_modules/rxjs/dist/esm/internal/Observable.js:37:25)
    at cb (http://localhost:9876/_karma_webpack_/webpack:/node_modules/rxjs/dist/esm/internal/Observable.js:31:30)
    at errorContext (http://localhost:9876/_karma_webpack_/webpack:/node_modules/rxjs/dist/esm/internal/util/errorContext.js:19:9)
    at Observable.subscribe (http://localhost:9876/_karma_webpack_/webpack:/node_modules/rxjs/dist/esm/internal/Observable.js:22:21)
    at ProductListComponent.deleteProduct (http://localhost:9876/_karma_webpack_/webpack:/src/app/products/product-list/product-list.component.ts:288:38)
    at UserContext.apply (http://localhost:9876/_karma_webpack_/webpack:/src/app/products/product-list/product-list.component.spec.ts:146:15)
    at UserContext.apply (http://localhost:9876/_karma_webpack_/webpack:/node_modules/zone.js/fesm2015/zone-testing.js:1987:30)
    at _ZoneDelegate.invoke (http://localhost:9876/_karma_webpack_/webpack:/node_modules/zone.js/fesm2015/zone.js:368:26)
,Chrome Headless 149.0.0.0 (Windows 10) LOG: '✅ Produit ajouté:', Object{}
,Chrome Headless 149.0.0.0 (Windows 10) LOG: '🔍 Application des filtres'
,Chrome Headless 149.0.0.0 (Windows 10) LOG: '✅ FILTRES APPLIQUÉS:', Object{totalFiltrés: 1, totalOriginal: 3}
,Chrome Headless 149.0.0.0 (Windows 10) LOG: '📊 Produit "Produit 1":', Object{id: 1, imageUrl: 'image.jpg', categoryId: 1, category: Object{id: 1, nom: 'Électronique'}, hasCategory: true}
,Chrome Headless 149.0.0.0 (Windows 10) LOG: '📊 Produit "Produit 2":', Object{id: 2, imageUrl: 'image.jpg', categoryId: 2, category: Object{id: 2, nom: 'Vêtements'}, hasCategory: true}
,Chrome Headless 149.0.0.0 (Windows 10) LOG: '📊 Produit "Produit 3":', Object{id: 3, imageUrl: 'image.jpg', categoryId: 1, category: Object{id: 1, nom: 'Électronique'}, hasCategory: true}
,Chrome Headless 149.0.0.0 (Windows 10) LOG: '✅ PRODUITS CHARGÉS:', Object{total: 3, avecImages: 3, avecCatégories: 3}
,Chrome Headless 149.0.0.0 (Windows 10) LOG: '🔍 Application des filtres'
,Chrome Headless 149.0.0.0 (Windows 10) LOG: '✅ FILTRES APPLIQUÉS:', Object{totalFiltrés: 3, totalOriginal: 3}
,Chrome Headless 149.0.0.0 (Windows 10) LOG: '✅ CATÉGORIES CHARGÉES:', 1
,Chrome Headless 149.0.0.0 (Windows 10) LOG: '🔍 Application des filtres'
,Chrome Headless 149.0.0.0 (Windows 10) LOG: '✅ FILTRES APPLIQUÉS:', Object{totalFiltrés: 2, totalOriginal: 3}
,Chrome Headless 149.0.0.0 (Windows 10) LOG: 'Suppression annulée par l'utilisateur'
,Chrome Headless 149.0.0.0 (Windows 10) LOG: '🚀 Début du traitement du produit ID: 1'
,Chrome Headless 149.0.0.0 (Windows 10) ALERT: '✅ ACTION RÉUSSIE

"Produit Test" a été traité avec succès.

Deux possibilités :
1. Il a été SUPPRIMÉ définitivement
2. Il a été DÉSACTIVÉ (s'il était utilisé)

Redirection vers la liste des produits...'
,Chrome Headless 149.0.0.0 (Windows 10) ALERT: 'Erreur lors de l'ajout au panier'
,Chrome Headless 149.0.0.0 (Windows 10) LOG: 'Admin status:', true
,Chrome Headless 149.0.0.0 (Windows 10) LOG: 'Chargement du produit ID:', '1'
,Chrome Headless 149.0.0.0 (Windows 10) ALERT: '1 × Produit Test ajouté au panier ✅'
,Chrome Headless 149.0.0.0 (Windows 10) LOG: 'Admin status:', true
,Chrome Headless 149.0.0.0 (Windows 10) LOG: 'Chargement du produit ID:', '1'
,Chrome Headless 149.0.0.0 (Windows 10) LOG: 'Produit chargé:', Object{nom: 'Produit Test', imageUrl: 'test.jpg'}
,Chrome Headless 149.0.0.0 (Windows 10) LOG: '🔧 OrderService initialisé avec URL:', '/api/orders'
,Chrome Headless 149.0.0.0 (Windows 10) LOG: '
========== ORDER SERVICE =========='
,Chrome Headless 149.0.0.0 (Windows 10) LOG: '🔵 FRONTEND: createOrderFromCart() appelé'
,Chrome Headless 149.0.0.0 (Windows 10) LOG: '🔵 Paramètres:'
,Chrome Headless 149.0.0.0 (Windows 10) LOG: '   - userId:', 1
,Chrome Headless 149.0.0.0 (Windows 10) LOG: '   - URL complète:', '/api/orders/create/1'
,Chrome Headless 149.0.0.0 (Windows 10) LOG: '   - Timestamp:', '2026-07-07T13:44:41.914Z'
,Chrome Headless 149.0.0.0 (Windows 10) ERROR: '🔴 ERREUR - Échec de la création:', HttpErrorResponse{headers: HttpHeaders{normalizedNames: Map{}, lazyUpdate: null, headers: Map{}}, status: 500, statusText: 'Internal Server Error', url: '/api/orders/create/1', ok: false, name: 'HttpErrorResponse', message: 'Http failure response for /api/orders/create/1: 500 Internal Server Error', error: 'Server Error'}
,Chrome Headless 149.0.0.0 (Windows 10) ERROR: '
🔴 ERREUR HTTP DÉTAILLÉE:'
,Chrome Headless 149.0.0.0 (Windows 10) ERROR: '   Type: Erreur serveur'
,Chrome Headless 149.0.0.0 (Windows 10) ERROR: '   Status:', 500
,Chrome Headless 149.0.0.0 (Windows 10) ERROR: '   StatusText:', 'Internal Server Error'
,Chrome Headless 149.0.0.0 (Windows 10) ERROR: '   URL:', '/api/orders/create/1'
,Chrome Headless 149.0.0.0 (Windows 10) ERROR: '   Réponse:', 'Server Error'
,Chrome Headless 149.0.0.0 (Windows 10) ERROR: '   Message utilisateur:', 'Erreur interne du serveur'
,Chrome Headless 149.0.0.0 (Windows 10) ERROR: '=====================================
'
,Chrome Headless 149.0.0.0 (Windows 10) LOG: '🔧 OrderService initialisé avec URL:', '/api/orders'
,Chrome Headless 149.0.0.0 (Windows 10) LOG: '🧪 TEST: Création commande test pour userId: 1'
,Chrome Headless 149.0.0.0 (Windows 10) LOG: '🟢 Réponse test:', 'Test OK'
,Chrome Headless 149.0.0.0 (Windows 10) LOG: '🔧 OrderService initialisé avec URL:', '/api/orders'
,Chrome Headless 149.0.0.0 (Windows 10) LOG: '🔵 Mise à jour statut commande 1 -> CONFIRMEE'
,Chrome Headless 149.0.0.0 (Windows 10) LOG: '🟢 Statut mis à jour:', Object{id: 1, total: 199.98, statut: 'CONFIRMEE', dateCommande: Tue Jul 07 2026 14:44:41 GMT+0100 (heure d’Afrique de l’Ouest), items: [Object{id: ..., quantite: ..., prix: ..., product: ...}], user: Object{id: 1, nom: 'Doe', prenom: 'John', email: 'john@example.com', role: 'CLIENT', motDePasse: ''}}
,Chrome Headless 149.0.0.0 (Windows 10) LOG: '🔧 OrderService initialisé avec URL:', '/api/orders'
,Chrome Headless 149.0.0.0 (Windows 10) LOG: '🔧 OrderService initialisé avec URL:', '/api/orders'
,Chrome Headless 149.0.0.0 (Windows 10) LOG: '🔵 Récupération commande ID: 1'
,Chrome Headless 149.0.0.0 (Windows 10) LOG: '🟢 Commande récupérée:', Object{id: 1, total: 199.98, statut: 'EN_ATTENTE', dateCommande: Tue Jul 07 2026 14:44:41 GMT+0100 (heure d’Afrique de l’Ouest), items: [Object{id: ..., quantite: ..., prix: ..., product: ...}], user: Object{id: 1, nom: 'Doe', prenom: 'John', email: 'john@example.com', role: 'CLIENT', motDePasse: ''}}
,Chrome Headless 149.0.0.0 (Windows 10) LOG: '🔧 OrderService initialisé avec URL:', '/api/orders'
,Chrome Headless 149.0.0.0 (Windows 10) LOG: '🔵 Récupération commande pour panier ID: 1'
,Chrome Headless 149.0.0.0 (Windows 10) LOG: '🟢 Commande trouvée:', Object{id: 1, total: 199.98, statut: 'EN_ATTENTE', dateCommande: Tue Jul 07 2026 14:44:41 GMT+0100 (heure d’Afrique de l’Ouest), items: [Object{id: ..., quantite: ..., prix: ..., product: ...}], user: Object{id: 1, nom: 'Doe', prenom: 'John', email: 'john@example.com', role: 'CLIENT', motDePasse: ''}}
,Chrome Headless 149.0.0.0 (Windows 10) LOG: '🔧 OrderService initialisé avec URL:', '/api/orders'
,Chrome Headless 149.0.0.0 (Windows 10) LOG: '
========== ORDER SERVICE =========='
,Chrome Headless 149.0.0.0 (Windows 10) LOG: '🔵 FRONTEND: createOrderFromCart() appelé'
,Chrome Headless 149.0.0.0 (Windows 10) LOG: '🔵 Paramètres:'
,Chrome Headless 149.0.0.0 (Windows 10) LOG: '   - userId:', -1
,Chrome Headless 149.0.0.0 (Windows 10) LOG: '   - URL complète:', '/api/orders/create/-1'
,Chrome Headless 149.0.0.0 (Windows 10) LOG: '   - Timestamp:', '2026-07-07T13:44:41.931Z'
,Chrome Headless 149.0.0.0 (Windows 10) ERROR: '🔴 ERREUR: userId invalide:', -1
,Chrome Headless 149.0.0.0 (Windows 10) LOG: '🔧 OrderService initialisé avec URL:', '/api/orders'
,Chrome Headless 149.0.0.0 (Windows 10) LOG: '🔵 Récupération des commandes pour utilisateur: 1'
,Chrome Headless 149.0.0.0 (Windows 10) LOG: '🟢 0 commandes récupérées'
,Chrome Headless 149.0.0.0 (Windows 10) LOG: '   Aucune commande trouvée'
,Chrome Headless 149.0.0.0 (Windows 10) LOG: '🔧 OrderService initialisé avec URL:', '/api/orders'
,Chrome Headless 149.0.0.0 (Windows 10) LOG: '🔧 OrderService initialisé avec URL:', '/api/orders'
,Chrome Headless 149.0.0.0 (Windows 10) LOG: '🔵 Récupération de toutes les commandes'
,Chrome Headless 149.0.0.0 (Windows 10) LOG: '🟢 1 commandes récupérées'
,Chrome Headless 149.0.0.0 (Windows 10) LOG: '🔧 OrderService initialisé avec URL:', '/api/orders'
,Chrome Headless 149.0.0.0 (Windows 10) LOG: '🔧 OrderService initialisé avec URL:', '/api/orders'
,Chrome Headless 149.0.0.0 (Windows 10) LOG: '🔧 OrderService initialisé avec URL:', '/api/orders'
,Chrome Headless 149.0.0.0 (Windows 10) LOG: '🔧 OrderService initialisé avec URL:', '/api/orders'
,Chrome Headless 149.0.0.0 (Windows 10) LOG: '🔵 Mise à jour statut commande 1 -> CONFIRMEE'
,Chrome Headless 149.0.0.0 (Windows 10) ERROR: '
🔴 ERREUR HTTP DÉTAILLÉE:'
,Chrome Headless 149.0.0.0 (Windows 10) ERROR: '   Type: Erreur serveur'
,Chrome Headless 149.0.0.0 (Windows 10) ERROR: '   Status:', 400
,Chrome Headless 149.0.0.0 (Windows 10) ERROR: '   StatusText:', 'Bad Request'
,Chrome Headless 149.0.0.0 (Windows 10) ERROR: '   URL:', '/api/orders/1/status?statut=CONFIRMEE'
,Chrome Headless 149.0.0.0 (Windows 10) ERROR: '   Réponse:', 'Error'
,Chrome Headless 149.0.0.0 (Windows 10) ERROR: '   Message utilisateur:', 'Error'
,Chrome Headless 149.0.0.0 (Windows 10) ERROR: '=====================================
'
,Chrome Headless 149.0.0.0 (Windows 10) LOG: '🔧 OrderService initialisé avec URL:', '/api/orders'
,Chrome Headless 149.0.0.0 (Windows 10) LOG: '🔵 Récupération commande ID: 999'
,Chrome Headless 149.0.0.0 (Windows 10) ERROR: '
🔴 ERREUR HTTP DÉTAILLÉE:'
,Chrome Headless 149.0.0.0 (Windows 10) ERROR: '   Type: Erreur serveur'
,Chrome Headless 149.0.0.0 (Windows 10) ERROR: '   Status:', 404
,Chrome Headless 149.0.0.0 (Windows 10) ERROR: '   StatusText:', 'Not Found'
,Chrome Headless 149.0.0.0 (Windows 10) ERROR: '   URL:', '/api/orders/999'
,Chrome Headless 149.0.0.0 (Windows 10) ERROR: '   Réponse:', 'Not found'
,Chrome Headless 149.0.0.0 (Windows 10) ERROR: '   Message utilisateur:', 'Ressource non trouvée'
,Chrome Headless 149.0.0.0 (Windows 10) ERROR: '=====================================
'
,Chrome Headless 149.0.0.0 (Windows 10) LOG: '🔧 OrderService initialisé avec URL:', '/api/orders'
,Chrome Headless 149.0.0.0 (Windows 10) LOG: '🔧 OrderService initialisé avec URL:', '/api/orders'
,Chrome Headless 149.0.0.0 (Windows 10) LOG: '🔵 Suppression commande ID: 1'
,Chrome Headless 149.0.0.0 (Windows 10) LOG: '🟢 Réponse suppression:', 'Order deleted'
,Chrome Headless 149.0.0.0 (Windows 10) LOG: '🔧 OrderService initialisé avec URL:', '/api/orders'
,Chrome Headless 149.0.0.0 (Windows 10) LOG: '
========== ORDER SERVICE =========='
,Chrome Headless 149.0.0.0 (Windows 10) LOG: '🔵 FRONTEND: createOrderFromCart() appelé'
,Chrome Headless 149.0.0.0 (Windows 10) LOG: '🔵 Paramètres:'
,Chrome Headless 149.0.0.0 (Windows 10) LOG: '   - userId:', 1
,Chrome Headless 149.0.0.0 (Windows 10) LOG: '   - URL complète:', '/api/orders/create/1'
,Chrome Headless 149.0.0.0 (Windows 10) LOG: '   - Timestamp:', '2026-07-07T13:44:41.968Z'
,Chrome Headless 149.0.0.0 (Windows 10) LOG: '🟢 SUCCÈS - Réception de la commande:', Object{id: 1, total: 199.98, statut: 'EN_ATTENTE', dateCommande: Tue Jul 07 2026 14:44:41 GMT+0100 (heure d’Afrique de l’Ouest), items: [Object{id: ..., quantite: ..., prix: ..., product: ...}], user: Object{id: 1, nom: 'Doe', prenom: 'John', email: 'john@example.com', role: 'CLIENT', motDePasse: ''}}
,Chrome Headless 149.0.0.0 (Windows 10) LOG: '   - ID Commande:', 1
,Chrome Headless 149.0.0.0 (Windows 10) LOG: '   - Total:', 199.98, 'DT'
,Chrome Headless 149.0.0.0 (Windows 10) LOG: '   - Statut:', 'EN_ATTENTE'
,Chrome Headless 149.0.0.0 (Windows 10) LOG: '   - Date:', Tue Jul 07 2026 14:44:41 GMT+0100 (heure d’Afrique de l’Ouest)
,Chrome Headless 149.0.0.0 (Windows 10) LOG: '   - Nombre articles:', 1
,Chrome Headless 149.0.0.0 (Windows 10) LOG: '   - Articles:'
,Chrome Headless 149.0.0.0 (Windows 10) LOG: '       1. Produit Test x2 = 199.98 DT'
,Chrome Headless 149.0.0.0 (Windows 10) LOG: '=====================================
'
,Chrome Headless 149.0.0.0 (Windows 10) LOG: '   Produit dans commande: Produit Test x2'
,Chrome Headless 149.0.0.0 (Windows 10) LOG: '🔧 OrderService initialisé avec URL:', '/api/orders'
,Chrome Headless 149.0.0.0 (Windows 10) LOG: '🔵 Récupération des commandes pour utilisateur: 1'
,Chrome Headless 149.0.0.0 (Windows 10) LOG: '🟢 1 commandes récupérées'
,Chrome Headless 149.0.0.0 (Windows 10) LOG: '   Détail des commandes:'
,Chrome Headless 149.0.0.0 (Windows 10) LOG: '   - #1: 199.98 DT, EN_ATTENTE, 1 article(s)'
,Chrome Headless 149.0.0.0 (Windows 10) LOG: '🔧 OrderService initialisé avec URL:', '/api/orders'
,Chrome Headless 149.0.0.0 (Windows 10) LOG: '🔵 Suppression commande ID: 1'
,Chrome Headless 149.0.0.0 (Windows 10) ERROR: '
🔴 ERREUR HTTP DÉTAILLÉE:'
,Chrome Headless 149.0.0.0 (Windows 10) ERROR: '   Type: Erreur serveur'
,Chrome Headless 149.0.0.0 (Windows 10) ERROR: '   Status:', 404
,Chrome Headless 149.0.0.0 (Windows 10) ERROR: '   StatusText:', 'Not Found'
,Chrome Headless 149.0.0.0 (Windows 10) ERROR: '   URL:', '/api/orders/1'
,Chrome Headless 149.0.0.0 (Windows 10) ERROR: '   Réponse:', 'Error'
,Chrome Headless 149.0.0.0 (Windows 10) ERROR: '   Message utilisateur:', 'Ressource non trouvée'
,Chrome Headless 149.0.0.0 (Windows 10) ERROR: '=====================================
'
,Chrome Headless 149.0.0.0 (Windows 10) LOG: '🔧 OrderService initialisé avec URL:', '/api/orders'
,Chrome Headless 149.0.0.0 (Windows 10) LOG: '
========== ORDER SERVICE =========='
,Chrome Headless 149.0.0.0 (Windows 10) LOG: '🔵 FRONTEND: createOrderFromCart() appelé'
,Chrome Headless 149.0.0.0 (Windows 10) LOG: '🔵 Paramètres:'
,Chrome Headless 149.0.0.0 (Windows 10) LOG: '   - userId:', 0
,Chrome Headless 149.0.0.0 (Windows 10) LOG: '   - URL complète:', '/api/orders/create/0'
,Chrome Headless 149.0.0.0 (Windows 10) LOG: '   - Timestamp:', '2026-07-07T13:44:41.978Z'
,Chrome Headless 149.0.0.0 (Windows 10) ERROR: '🔴 ERREUR: userId est null ou undefined'
,Chrome Headless 149.0.0.0 (Windows 10) LOG: '✅ 2 catégories chargées'
,Chrome Headless 149.0.0.0 (Windows 10) LOG: '✅ 0 catégories chargées'
,Chrome Headless 149.0.0.0 (Windows 10) LOG: '✅ 0 catégories chargées'
,Chrome Headless 149.0.0.0 (Windows 10) LOG: '📋 Valeurs du formulaire:', Object{nom: 'Nouveau Produit', description: 'Description', prix: 49.99, stock: 15, categoryId: 1, actif: true}
,Chrome Headless 149.0.0.0 (Windows 10) LOG: '🚀 Données à envoyer:', Object{nom: 'Nouveau Produit', description: 'Description', prix: 49.99, stock: 15, categoryId: 1, actif: true, imageUrl: null}
,Chrome Headless 149.0.0.0 (Windows 10) LOG: '📸 Fichier sélectionné:', 'Aucun'
,Chrome Headless 149.0.0.0 (Windows 10) LOG: '🖼️ Image existante:', null
,Chrome Headless 149.0.0.0 (Windows 10) LOG: '📝 Création produit sans image'
,Chrome Headless 149.0.0.0 (Windows 10) LOG: '✅ Success:', 'Produit créé avec succès !'
,Chrome Headless 149.0.0.0 (Windows 10) LOG: '✅ 2 catégories chargées'
,Chrome Headless 149.0.0.0 (Windows 10) LOG: '📦 Produit chargé dans formulaire:', Object{id: 1, nom: 'Produit Test', imageUrl: 'test.jpg', rawImageUrl: 'test.jpg'}
,Chrome Headless 149.0.0.0 (Windows 10) LOG: '✅ 0 catégories chargées'
,Chrome Headless 149.0.0.0 (Windows 10) LOG: '📋 Valeurs du formulaire:', Object{nom: 'Nouveau Produit', description: 'Description', prix: 49.99, stock: 15, categoryId: 1, actif: true}
,Chrome Headless 149.0.0.0 (Windows 10) LOG: '🚀 Données à envoyer:', Object{nom: 'Nouveau Produit', description: 'Description', prix: 49.99, stock: 15, categoryId: 1, actif: true, imageUrl: null}
,Chrome Headless 149.0.0.0 (Windows 10) LOG: '📸 Fichier sélectionné:', 'Aucun'
,Chrome Headless 149.0.0.0 (Windows 10) LOG: '🖼️ Image existante:', null
,Chrome Headless 149.0.0.0 (Windows 10) LOG: '📝 Création produit sans image'
,Chrome Headless 149.0.0.0 (Windows 10) ERROR: '❌ Erreur lors de la création:', Error: Create failed
Error: Create failed
    at errorFactory (http://localhost:9876/_karma_webpack_/webpack:/src/app/products/product-form/product-form.component.spec.ts:151:64)
    at Observable._subscribe (http://localhost:9876/_karma_webpack_/webpack:/node_modules/rxjs/dist/esm/internal/observable/throwError.js:5:51)
    at Observable._trySubscribe (http://localhost:9876/_karma_webpack_/webpack:/node_modules/rxjs/dist/esm/internal/Observable.js:37:25)
    at cb (http://localhost:9876/_karma_webpack_/webpack:/node_modules/rxjs/dist/esm/internal/Observable.js:31:30)
    at errorContext (http://localhost:9876/_karma_webpack_/webpack:/node_modules/rxjs/dist/esm/internal/util/errorContext.js:19:9)
    at Observable.subscribe (http://localhost:9876/_karma_webpack_/webpack:/node_modules/rxjs/dist/esm/internal/Observable.js:22:21)
    at ProductFormComponent.createProduct (http://localhost:9876/_karma_webpack_/webpack:/src/app/products/product-form/product-form.component.ts:417:45)
    at ProductFormComponent.onSubmit (http://localhost:9876/_karma_webpack_/webpack:/src/app/products/product-form/product-form.component.ts:314:14)
    at UserContext.apply (http://localhost:9876/_karma_webpack_/webpack:/src/app/products/product-form/product-form.component.spec.ts:153:15)
    at UserContext.fakeAsyncFn (http://localhost:9876/_karma_webpack_/webpack:/node_modules/zone.js/fesm2015/zone-testing.js:1987:30)
,Chrome Headless 149.0.0.0 (Windows 10) ERROR: 'Erreur détaillée:', Object{context: 'Erreur lors de la création', error: Error: Create failed
Error: Create failed
    at errorFactory (http://localhost:9876/_karma_webpack_/webpack:/src/app/products/product-form/product-form.component.spec.ts:151:64)
    at Observable._subscribe (http://localhost:9876/_karma_webpack_/webpack:/node_modules/rxjs/dist/esm/internal/observable/throwError.js:5:51)
    at Observable._trySubscribe (http://localhost:9876/_karma_webpack_/webpack:/node_modules/rxjs/dist/esm/internal/Observable.js:37:25)
    at cb (http://localhost:9876/_karma_webpack_/webpack:/node_modules/rxjs/dist/esm/internal/Observable.js:31:30)
    at errorContext (http://localhost:9876/_karma_webpack_/webpack:/node_modules/rxjs/dist/esm/internal/util/errorContext.js:19:9)
    at Observable.subscribe (http://localhost:9876/_karma_webpack_/webpack:/node_modules/rxjs/dist/esm/internal/Observable.js:22:21)
    at ProductFormComponent.createProduct (http://localhost:9876/_karma_webpack_/webpack:/src/app/products/product-form/product-form.component.ts:417:45)
    at ProductFormComponent.onSubmit (http://localhost:9876/_karma_webpack_/webpack:/src/app/products/product-form/product-form.component.ts:314:14)
    at UserContext.apply (http://localhost:9876/_karma_webpack_/webpack:/src/app/products/product-form/product-form.component.spec.ts:153:15)
    at UserContext.fakeAsyncFn (http://localhost:9876/_karma_webpack_/webpack:/node_modules/zone.js/fesm2015/zone-testing.js:1987:30), message: 'Create failed'}
,Chrome Headless 149.0.0.0 (Windows 10) LOG: '✅ 0 catégories chargées'
,Chrome Headless 149.0.0.0 (Windows 10) LOG: '📋 Valeurs du formulaire:', Object{nom: 'Produit Modifié', description: 'Description modifiée', prix: 79.99, stock: 20, categoryId: 2, actif: true}
,Chrome Headless 149.0.0.0 (Windows 10) LOG: '🚀 Données à envoyer:', Object{nom: 'Produit Modifié', description: 'Description modifiée', prix: 79.99, stock: 20, categoryId: 2, actif: true, imageUrl: null}
,Chrome Headless 149.0.0.0 (Windows 10) LOG: '📸 Fichier sélectionné:', 'Aucun'
,Chrome Headless 149.0.0.0 (Windows 10) LOG: '🖼️ Image existante:', null
,Chrome Headless 149.0.0.0 (Windows 10) LOG: '📝 Mise à jour produit 1 sans nouvelle image'
,Chrome Headless 149.0.0.0 (Windows 10) LOG: '✅ Success:', 'Produit modifié avec succès !'
,Chrome Headless 149.0.0.0 (Windows 10) LOG: 'Filtre: 2/2 commandes'
,Chrome Headless 149.0.0.0 (Windows 10) LOG: 'User 1: 2 commandes chargées'
,Chrome Headless 149.0.0.0 (Windows 10) LOG: '✅ Statut mis à jour:', Object{id: 1, total: 199.98, statut: 'CONFIRMEE', dateCommande: Tue Jul 07 2026 14:44:41 GMT+0100 (heure d’Afrique de l’Ouest), items: [Object{id: ..., quantite: ..., prix: ...}], user: Object{id: 1, nom: 'Doe', prenom: 'John', email: 'john@example.com', role: 'CLIENT', motDePasse: ''}}
,Chrome Headless 149.0.0.0 (Windows 10) LOG: 'Filtre: 2/2 commandes'
,Chrome Headless 149.0.0.0 (Windows 10) ALERT: '✅ Statut de la commande #1 mis à jour avec succès !'
,Chrome Headless 149.0.0.0 (Windows 10) ALERT: 'Commande créée avec succès !'
,Chrome Headless 149.0.0.0 (Windows 10) LOG: 'Filtre: 2/2 commandes'
,Chrome Headless 149.0.0.0 (Windows 10) LOG: 'User 1: 2 commandes chargées'
,Chrome Headless 149.0.0.0 (Windows 10) LOG: 'Filtre: 2/2 commandes'
,Chrome Headless 149.0.0.0 (Windows 10) LOG: 'Admin: 2 commandes chargées'
,Chrome Headless 149.0.0.0 (Windows 10) LOG: 'Filtre: 2/2 commandes'
,Chrome Headless 149.0.0.0 (Windows 10) LOG: '✅ Commande supprimée'
,Chrome Headless 149.0.0.0 (Windows 10) LOG: 'Filtre: 1/1 commandes'
,Chrome Headless 149.0.0.0 (Windows 10) ALERT: '✅ Commande #1 supprimée avec succès !'
,Chrome Headless 149.0.0.0 (Windows 10) LOG: 'Filtre: 2/2 commandes'
,Chrome Headless 149.0.0.0 (Windows 10) LOG: 'Filtre: 0/2 commandes'
,Chrome Headless 149.0.0.0 (Windows 10) ERROR: 'Erreur chargement commandes utilisateur:', Error: Load failed
Error: Load failed
    at errorFactory (http://localhost:9876/_karma_webpack_/webpack:/src/app/orders/order-list/order-list.component.spec.ts:121:71)
    at Observable._subscribe (http://localhost:9876/_karma_webpack_/webpack:/node_modules/rxjs/dist/esm/internal/observable/throwError.js:5:51)
    at Observable._trySubscribe (http://localhost:9876/_karma_webpack_/webpack:/node_modules/rxjs/dist/esm/internal/Observable.js:37:25)
    at cb (http://localhost:9876/_karma_webpack_/webpack:/node_modules/rxjs/dist/esm/internal/Observable.js:31:30)
    at errorContext (http://localhost:9876/_karma_webpack_/webpack:/node_modules/rxjs/dist/esm/internal/util/errorContext.js:19:9)
    at Observable.subscribe (http://localhost:9876/_karma_webpack_/webpack:/node_modules/rxjs/dist/esm/internal/Observable.js:22:21)
    at OrderListComponent.loadUserOrders (http://localhost:9876/_karma_webpack_/webpack:/src/app/orders/order-list/order-list.component.ts:106:52)
    at OrderListComponent.loadOrders (http://localhost:9876/_karma_webpack_/webpack:/src/app/orders/order-list/order-list.component.ts:75:12)
    at OrderListComponent.loadCurrentUser (http://localhost:9876/_karma_webpack_/webpack:/src/app/orders/order-list/order-list.component.ts:60:12)
    at OrderListComponent.ngOnInit (http://localhost:9876/_karma_webpack_/webpack:/src/app/orders/order-list/order-list.component.ts:43:10)
,Chrome Headless 149.0.0.0 (Windows 10) LOG: 'Données d'inscription envoyées:', Object{nom: 'Dupont', prenom: 'Jean', email: 'jean@example.com', motDePasse: 'password123', role: 'CLIENT'}
,Chrome Headless 149.0.0.0 (Windows 10) ERROR: 'Erreur lors de l'inscription:', Object{status: 409}
,Chrome Headless 149.0.0.0 (Windows 10) LOG: 'Données d'inscription envoyées:', Object{nom: 'Dupont', prenom: 'Jean', email: 'jean@example.com', motDePasse: 'password123', role: 'CLIENT'}
,Chrome Headless 149.0.0.0 (Windows 10) ERROR: 'Erreur lors de l'inscription:', Object{status: 500}
,Chrome Headless 149.0.0.0 (Windows 10) ERROR: 'Test backend échoué:', Object{message: 'Connection failed'}
,Chrome Headless 149.0.0.0 (Windows 10) LOG: 'Données d'inscription envoyées:', Object{nom: 'Dupont', prenom: 'Jean', email: 'jean@example.com', motDePasse: 'password123', role: 'CLIENT'}
,Chrome Headless 149.0.0.0 (Windows 10) ERROR: 'Erreur lors de l'inscription:', Object{status: 404}
,Chrome Headless 149.0.0.0 (Windows 10) LOG: 'Test backend réussi:', Object{status: 'success', message: 'OK'}
,Chrome Headless 149.0.0.0 (Windows 10) LOG: 'Données d'inscription envoyées:', Object{nom: 'Dupont', prenom: 'Jean', email: 'jean@example.com', motDePasse: 'password123', role: 'CLIENT'}
,Chrome Headless 149.0.0.0 (Windows 10) LOG: 'Inscription réussie:', Object{token: 'mock-token', user: Object{role: 'CLIENT'}}
,Chrome Headless 149.0.0.0 (Windows 10) LOG: 'AuthService initialisé avec URL:', '/api'
,Chrome Headless 149.0.0.0 (Windows 10) LOG: 'État initial d'authentification:', false
,Chrome Headless 149.0.0.0 (Windows 10) LOG: 'Tentative de login pour: john@example.com'
,Chrome Headless 149.0.0.0 (Windows 10) ERROR: 'Erreur lors du login:', HttpErrorResponse{headers: HttpHeaders{normalizedNames: Map{}, lazyUpdate: null, headers: Map{}}, status: 500, statusText: 'Internal Server Error', url: '/api/users', ok: false, name: 'HttpErrorResponse', message: 'Http failure response for /api/users: 500 Internal Server Error', error: 'Server Error'}
,Chrome Headless 149.0.0.0 (Windows 10) ERROR: 'Erreur détaillée:', HttpErrorResponse{headers: HttpHeaders{normalizedNames: Map{}, lazyUpdate: null, headers: Map{}}, status: 500, statusText: 'Internal Server Error', url: '/api/users', ok: false, name: 'HttpErrorResponse', message: 'Http failure response for /api/users: 500 Internal Server Error', error: 'Server Error'}
,Chrome Headless 149.0.0.0 (Windows 10) LOG: 'AuthService initialisé avec URL:', '/api'
,Chrome Headless 149.0.0.0 (Windows 10) LOG: 'État initial d'authentification:', false
,Chrome Headless 149.0.0.0 (Windows 10) LOG: 'AuthService initialisé avec URL:', '/api'
,Chrome Headless 149.0.0.0 (Windows 10) LOG: 'État initial d'authentification:', false
,Chrome Headless 149.0.0.0 (Windows 10) LOG: 'AuthService initialisé avec URL:', '/api'
,Chrome Headless 149.0.0.0 (Windows 10) LOG: 'État initial d'authentification:', false
,Chrome Headless 149.0.0.0 (Windows 10) LOG: 'Données d'authentification effacées'
,Chrome Headless 149.0.0.0 (Windows 10) LOG: 'AuthService initialisé avec URL:', '/api'
,Chrome Headless 149.0.0.0 (Windows 10) LOG: 'État initial d'authentification:', false
,Chrome Headless 149.0.0.0 (Windows 10) LOG: 'Tentative de login pour: wrong@example.com'
,Chrome Headless 149.0.0.0 (Windows 10) LOG: 'Nombre d'utilisateurs récupérés: 2'
,Chrome Headless 149.0.0.0 (Windows 10) ERROR: 'Erreur lors du login:', Error: Identifiants incorrects
Error: Identifiants incorrects
    at call (http://localhost:9876/_karma_webpack_/webpack:/src/app/core/services/auth.service.ts:93:17)
    at onNext (http://localhost:9876/_karma_webpack_/webpack:/node_modules/rxjs/dist/esm/internal/operators/map.js:7:37)
    at OperatorSubscriber._next (http://localhost:9876/_karma_webpack_/webpack:/node_modules/rxjs/dist/esm/internal/operators/OperatorSubscriber.js:13:21)
    at OperatorSubscriber.next (http://localhost:9876/_karma_webpack_/webpack:/node_modules/rxjs/dist/esm/internal/Subscriber.js:31:18)
    at onNext (http://localhost:9876/_karma_webpack_/webpack:/node_modules/rxjs/dist/esm/internal/operators/map.js:7:24)
    at OperatorSubscriber._next (http://localhost:9876/_karma_webpack_/webpack:/node_modules/rxjs/dist/esm/internal/operators/OperatorSubscriber.js:13:21)
    at OperatorSubscriber.next (http://localhost:9876/_karma_webpack_/webpack:/node_modules/rxjs/dist/esm/internal/Subscriber.js:31:18)
    at onNext (http://localhost:9876/_karma_webpack_/webpack:/node_modules/rxjs/dist/esm/internal/operators/filter.js:6:128)
    at OperatorSubscriber._next (http://localhost:9876/_karma_webpack_/webpack:/node_modules/rxjs/dist/esm/internal/operators/OperatorSubscriber.js:13:21)
    at OperatorSubscriber.next (http://localhost:9876/_karma_webpack_/webpack:/node_modules/rxjs/dist/esm/internal/Subscriber.js:31:18)
,Chrome Headless 149.0.0.0 (Windows 10) ERROR: 'Erreur détaillée:', Error: Identifiants incorrects
Error: Identifiants incorrects
    at call (http://localhost:9876/_karma_webpack_/webpack:/src/app/core/services/auth.service.ts:93:17)
    at onNext (http://localhost:9876/_karma_webpack_/webpack:/node_modules/rxjs/dist/esm/internal/operators/map.js:7:37)
    at OperatorSubscriber._next (http://localhost:9876/_karma_webpack_/webpack:/node_modules/rxjs/dist/esm/internal/operators/OperatorSubscriber.js:13:21)
    at OperatorSubscriber.next (http://localhost:9876/_karma_webpack_/webpack:/node_modules/rxjs/dist/esm/internal/Subscriber.js:31:18)
    at onNext (http://localhost:9876/_karma_webpack_/webpack:/node_modules/rxjs/dist/esm/internal/operators/map.js:7:24)
    at OperatorSubscriber._next (http://localhost:9876/_karma_webpack_/webpack:/node_modules/rxjs/dist/esm/internal/operators/OperatorSubscriber.js:13:21)
    at OperatorSubscriber.next (http://localhost:9876/_karma_webpack_/webpack:/node_modules/rxjs/dist/esm/internal/Subscriber.js:31:18)
    at onNext (http://localhost:9876/_karma_webpack_/webpack:/node_modules/rxjs/dist/esm/internal/operators/filter.js:6:128)
    at OperatorSubscriber._next (http://localhost:9876/_karma_webpack_/webpack:/node_modules/rxjs/dist/esm/internal/operators/OperatorSubscriber.js:13:21)
    at OperatorSubscriber.next (http://localhost:9876/_karma_webpack_/webpack:/node_modules/rxjs/dist/esm/internal/Subscriber.js:31:18)
,Chrome Headless 149.0.0.0 (Windows 10) LOG: 'AuthService initialisé avec URL:', '/api'
,Chrome Headless 149.0.0.0 (Windows 10) LOG: 'État initial d'authentification:', false
,Chrome Headless 149.0.0.0 (Windows 10) LOG: 'AuthService initialisé avec URL:', '/api'
,Chrome Headless 149.0.0.0 (Windows 10) LOG: 'État initial d'authentification:', false
,Chrome Headless 149.0.0.0 (Windows 10) LOG: 'AuthService initialisé avec URL:', '/api'
,Chrome Headless 149.0.0.0 (Windows 10) LOG: 'État initial d'authentification:', false
,Chrome Headless 149.0.0.0 (Windows 10) LOG: 'AuthService initialisé avec URL:', '/api'
,Chrome Headless 149.0.0.0 (Windows 10) LOG: 'État initial d'authentification:', false
,Chrome Headless 149.0.0.0 (Windows 10) LOG: 'Tentative de login pour: admin@example.com'
,Chrome Headless 149.0.0.0 (Windows 10) LOG: 'Nombre d'utilisateurs récupérés: 2'
,Chrome Headless 149.0.0.0 (Windows 10) LOG: 'Données d'authentification stockées'
,Chrome Headless 149.0.0.0 (Windows 10) LOG: 'AuthService initialisé avec URL:', '/api'
,Chrome Headless 149.0.0.0 (Windows 10) LOG: 'État initial d'authentification:', false
,Chrome Headless 149.0.0.0 (Windows 10) LOG: 'AuthService initialisé avec URL:', '/api'
,Chrome Headless 149.0.0.0 (Windows 10) LOG: 'État initial d'authentification:', false
,Chrome Headless 149.0.0.0 (Windows 10) LOG: 'Test de connexion au backend...'
,Chrome Headless 149.0.0.0 (Windows 10) LOG: 'AuthService initialisé avec URL:', '/api'
,Chrome Headless 149.0.0.0 (Windows 10) LOG: 'État initial d'authentification:', false
,Chrome Headless 149.0.0.0 (Windows 10) LOG: 'AuthService initialisé avec URL:', '/api'
,Chrome Headless 149.0.0.0 (Windows 10) LOG: 'État initial d'authentification:', false
,Chrome Headless 149.0.0.0 (Windows 10) LOG: 'Tentative de login pour: john@example.com'
,Chrome Headless 149.0.0.0 (Windows 10) LOG: 'Nombre d'utilisateurs récupérés: 2'
,Chrome Headless 149.0.0.0 (Windows 10) LOG: 'Données d'authentification stockées'
,Chrome Headless 149.0.0.0 (Windows 10) LOG: 'AuthService initialisé avec URL:', '/api'
,Chrome Headless 149.0.0.0 (Windows 10) LOG: 'État initial d'authentification:', false
,Chrome Headless 149.0.0.0 (Windows 10) LOG: 'AuthService initialisé avec URL:', '/api'
,Chrome Headless 149.0.0.0 (Windows 10) LOG: 'État initial d'authentification:', false
,Chrome Headless 149.0.0.0 (Windows 10) LOG: 'Tentative de login pour: john@example.com'
,Chrome Headless 149.0.0.0 (Windows 10) LOG: 'Nombre d'utilisateurs récupérés: 2'
,Chrome Headless 149.0.0.0 (Windows 10) LOG: 'Données d'authentification stockées'
,Chrome Headless 149.0.0.0 (Windows 10) LOG: 'AuthService initialisé avec URL:', '/api'
,Chrome Headless 149.0.0.0 (Windows 10) LOG: 'État initial d'authentification:', false
,Chrome Headless 149.0.0.0 (Windows 10) LOG: 'Récupération de tous les utilisateurs pour débogage'
,Chrome Headless 149.0.0.0 (Windows 10) LOG: 'AuthService initialisé avec URL:', '/api'
,Chrome Headless 149.0.0.0 (Windows 10) LOG: 'État initial d'authentification:', false
,Chrome Headless 149.0.0.0 (Windows 10) LOG: 'AuthService initialisé avec URL:', '/api'
,Chrome Headless 149.0.0.0 (Windows 10) LOG: 'État initial d'authentification:', false
,Chrome Headless 149.0.0.0 (Windows 10) LOG: 'AuthService initialisé avec URL:', '/api'
,Chrome Headless 149.0.0.0 (Windows 10) LOG: 'État initial d'authentification:', false
,Chrome Headless 149.0.0.0 (Windows 10) LOG: 'Test de connexion au backend...'
,Chrome Headless 149.0.0.0 (Windows 10) ERROR: 'Backend inaccessible:', HttpErrorResponse{headers: HttpHeaders{normalizedNames: Map{}, lazyUpdate: null, headers: Map{}}, status: 500, statusText: 'Internal Server Error', url: '/api/users', ok: false, name: 'HttpErrorResponse', message: 'Http failure response for /api/users: 500 Internal Server Error', error: 'Error'}
,Chrome Headless 149.0.0.0 (Windows 10) LOG: 'AuthService initialisé avec URL:', '/api'
,Chrome Headless 149.0.0.0 (Windows 10) LOG: 'État initial d'authentification:', false
,Chrome Headless 149.0.0.0 (Windows 10) LOG: 'Déconnexion de l'utilisateur'
,Chrome Headless 149.0.0.0 (Windows 10) LOG: 'Données d'authentification effacées'
,Chrome Headless 149.0.0.0 (Windows 10) LOG: 'AuthService initialisé avec URL:', '/api'
,Chrome Headless 149.0.0.0 (Windows 10) LOG: 'État initial d'authentification:', false
,Chrome Headless 149.0.0.0 (Windows 10) LOG: 'AuthService initialisé avec URL:', '/api'
,Chrome Headless 149.0.0.0 (Windows 10) LOG: 'État initial d'authentification:', false
,Chrome Headless 149.0.0.0 (Windows 10) LOG: 'AuthService initialisé avec URL:', '/api'
,Chrome Headless 149.0.0.0 (Windows 10) LOG: 'État initial d'authentification:', false
,Chrome Headless 149.0.0.0 (Windows 10) LOG: 'AuthService initialisé avec URL:', '/api'
,Chrome Headless 149.0.0.0 (Windows 10) LOG: 'État initial d'authentification:', false
,Chrome Headless 149.0.0.0 (Windows 10) LOG: 'Inscription de nouvel utilisateur:', Object{nom: 'New', prenom: 'User', email: 'new@example.com', motDePasse: 'password123', role: 'CLIENT'}
,Chrome Headless 149.0.0.0 (Windows 10) ERROR: 'Erreur lors de l'inscription:', HttpErrorResponse{headers: HttpHeaders{normalizedNames: Map{}, lazyUpdate: null, headers: Map{}}, status: 400, statusText: 'Bad Request', url: '/api/users', ok: false, name: 'HttpErrorResponse', message: 'Http failure response for /api/users: 400 Bad Request', error: 'Bad Request'}
,Chrome Headless 149.0.0.0 (Windows 10) ERROR: 'Erreur détaillée:', HttpErrorResponse{headers: HttpHeaders{normalizedNames: Map{}, lazyUpdate: null, headers: Map{}}, status: 400, statusText: 'Bad Request', url: '/api/users', ok: false, name: 'HttpErrorResponse', message: 'Http failure response for /api/users: 400 Bad Request', error: 'Bad Request'}
,Chrome Headless 149.0.0.0 (Windows 10) LOG: 'AuthService initialisé avec URL:', '/api'
,Chrome Headless 149.0.0.0 (Windows 10) LOG: 'État initial d'authentification:', false
,Chrome Headless 149.0.0.0 (Windows 10) LOG: 'Inscription de nouvel utilisateur:', Object{nom: 'New', prenom: 'User', email: 'new@example.com', motDePasse: 'password123', role: 'CLIENT'}
,Chrome Headless 149.0.0.0 (Windows 10) LOG: 'Utilisateur créé avec succès:', Object{nom: 'New', prenom: 'User', email: 'new@example.com', motDePasse: 'password123', role: 'CLIENT', id: 3}
,Chrome Headless 149.0.0.0 (Windows 10) LOG: 'Données d'authentification stockées'
,Chrome Headless 149.0.0.0 (Windows 10) LOG: 'Tentative de login pour: john@example.com'
,Chrome Headless 149.0.0.0 (Windows 10) LOG: 'Login réussi:', Object{token: 'mock-token', user: Object{role: 'CLIENT'}}
,Chrome Headless 149.0.0.0 (Windows 10) LOG: 'Tentative de login pour: john@example.com'
,Chrome Headless 149.0.0.0 (Windows 10) LOG: 'Login réussi:', Object{token: 'mock-token', user: Object{role: 'CLIENT'}}
,Chrome Headless 149.0.0.0 (Windows 10) LOG: 'Tentative de login pour: john@example.com'
,Chrome Headless 149.0.0.0 (Windows 10) ERROR: 'Erreur lors du login:', Object{status: 404}
,Chrome Headless 149.0.0.0 (Windows 10) LOG: 'Tentative de login pour: john@example.com'
,Chrome Headless 149.0.0.0 (Windows 10) ERROR: 'Erreur lors du login:', Object{status: 500}
,Chrome Headless 149.0.0.0 (Windows 10) LOG: 'Utilisateurs:', [Object{id: 1, email: 'test@example.com'}]
,Chrome Headless 149.0.0.0 (Windows 10) LOG: 'Backend test:', Object{status: 'success', message: 'OK'}
,Chrome Headless 149.0.0.0 (Windows 10) ERROR: 'Backend test error:', Object{message: 'Connection failed'}
,Chrome Headless 149.0.0.0 (Windows 10) LOG: 'Tentative de login pour: wrong@example.com'
,Chrome Headless 149.0.0.0 (Windows 10) ERROR: 'Erreur lors du login:', Error: Identifiants incorrects
Error: Identifiants incorrects
    at errorFactory (http://localhost:9876/_karma_webpack_/webpack:/src/app/auth/login/login.component.spec.ts:122:60)
    at Observable._subscribe (http://localhost:9876/_karma_webpack_/webpack:/node_modules/rxjs/dist/esm/internal/observable/throwError.js:5:51)
    at Observable._trySubscribe (http://localhost:9876/_karma_webpack_/webpack:/node_modules/rxjs/dist/esm/internal/Observable.js:37:25)
    at cb (http://localhost:9876/_karma_webpack_/webpack:/node_modules/rxjs/dist/esm/internal/Observable.js:31:30)
    at errorContext (http://localhost:9876/_karma_webpack_/webpack:/node_modules/rxjs/dist/esm/internal/util/errorContext.js:19:9)
    at Observable.subscribe (http://localhost:9876/_karma_webpack_/webpack:/node_modules/rxjs/dist/esm/internal/Observable.js:22:21)
    at LoginComponent.login (http://localhost:9876/_karma_webpack_/webpack:/src/app/auth/login/login.component.ts:88:57)
    at UserContext.apply (http://localhost:9876/_karma_webpack_/webpack:/src/app/auth/login/login.component.spec.ts:124:15)
    at UserContext.apply (http://localhost:9876/_karma_webpack_/webpack:/node_modules/zone.js/fesm2015/zone-testing.js:1987:30)
    at _ZoneDelegate.invoke (http://localhost:9876/_karma_webpack_/webpack:/node_modules/zone.js/fesm2015/zone.js:368:26)
,Chrome Headless 149.0.0.0 (Windows 10) LOG: '🛒 CartComponent initialisé'
,Chrome Headless 149.0.0.0 (Windows 10) LOG: '🧹 Vidage du panier...'
,Chrome Headless 149.0.0.0 (Windows 10) LOG: '✅ Panier vidé avec succès'
,Chrome Headless 149.0.0.0 (Windows 10) ALERT: 'Panier vidé avec succès'
,Chrome Headless 149.0.0.0 (Windows 10) LOG: '🛒 CartComponent initialisé'
,Chrome Headless 149.0.0.0 (Windows 10) LOG: '🛒 Passage à la commande...'
,Chrome Headless 149.0.0.0 (Windows 10) LOG: '🛒 CartComponent initialisé'
,Chrome Headless 149.0.0.0 (Windows 10) LOG: '🔄 CartComponent ngOnInit'
,Chrome Headless 149.0.0.0 (Windows 10) LOG: '🔍 Vérification authentification...'
,Chrome Headless 149.0.0.0 (Windows 10) LOG: '✅ Utilisateur connecté:', Object{id: 1, nom: 'Doe', prenom: 'John', email: 'john@example.com', motDePasse: 'password', role: 'CLIENT'}
,Chrome Headless 149.0.0.0 (Windows 10) LOG: '🔄 Chargement panier pour userId:', 1
,Chrome Headless 149.0.0.0 (Windows 10) ERROR: '❌ Erreur chargement panier:', Error: Load failed
Error: Load failed
    at errorFactory (http://localhost:9876/_karma_webpack_/webpack:/src/app/cart/cart/cart.component.spec.ts:114:70)
    at Observable._subscribe (http://localhost:9876/_karma_webpack_/webpack:/node_modules/rxjs/dist/esm/internal/observable/throwError.js:5:51)
    at Observable._trySubscribe (http://localhost:9876/_karma_webpack_/webpack:/node_modules/rxjs/dist/esm/internal/Observable.js:37:25)
    at cb (http://localhost:9876/_karma_webpack_/webpack:/node_modules/rxjs/dist/esm/internal/Observable.js:31:30)
    at errorContext (http://localhost:9876/_karma_webpack_/webpack:/node_modules/rxjs/dist/esm/internal/util/errorContext.js:19:9)
    at Observable.subscribe (http://localhost:9876/_karma_webpack_/webpack:/node_modules/rxjs/dist/esm/internal/Observable.js:22:21)
    at CartComponent.loadCartByUser (http://localhost:9876/_karma_webpack_/webpack:/src/app/cart/cart/cart.component.ts:109:40)
    at CartComponent.checkAuthAndLoadCart (http://localhost:9876/_karma_webpack_/webpack:/src/app/cart/cart/cart.component.ts:95:10)
    at CartComponent.ngOnInit (http://localhost:9876/_karma_webpack_/webpack:/src/app/cart/cart/cart.component.ts:48:10)
    at UserContext.<anonymous> (http://localhost:9876/_karma_webpack_/webpack:/src/app/cart/cart/cart.component.spec.ts:116:15)
,Chrome Headless 149.0.0.0 (Windows 10) LOG: '🔔 Notification reçue: rechargement du panier'
,Chrome Headless 149.0.0.0 (Windows 10) LOG: '🔄 Chargement panier pour userId:', 1
,Chrome Headless 149.0.0.0 (Windows 10) ERROR: '❌ Erreur chargement panier:', Error: Load failed
Error: Load failed
    at errorFactory (http://localhost:9876/_karma_webpack_/webpack:/src/app/cart/cart/cart.component.spec.ts:114:70)
    at Observable._subscribe (http://localhost:9876/_karma_webpack_/webpack:/node_modules/rxjs/dist/esm/internal/observable/throwError.js:5:51)
    at Observable._trySubscribe (http://localhost:9876/_karma_webpack_/webpack:/node_modules/rxjs/dist/esm/internal/Observable.js:37:25)
    at cb (http://localhost:9876/_karma_webpack_/webpack:/node_modules/rxjs/dist/esm/internal/Observable.js:31:30)
    at errorContext (http://localhost:9876/_karma_webpack_/webpack:/node_modules/rxjs/dist/esm/internal/util/errorContext.js:19:9)
    at Observable.subscribe (http://localhost:9876/_karma_webpack_/webpack:/node_modules/rxjs/dist/esm/internal/Observable.js:22:21)
    at CartComponent.loadCartByUser (http://localhost:9876/_karma_webpack_/webpack:/src/app/cart/cart/cart.component.ts:109:40)
    at Object.next (http://localhost:9876/_karma_webpack_/webpack:/src/app/cart/cart/cart.component.ts:60:14)
    at ConsumerObserver.next (http://localhost:9876/_karma_webpack_/webpack:/node_modules/rxjs/dist/esm/internal/Subscriber.js:91:33)
    at SafeSubscriber._next (http://localhost:9876/_karma_webpack_/webpack:/node_modules/rxjs/dist/esm/internal/Subscriber.js:60:26)
,Chrome Headless 149.0.0.0 (Windows 10) LOG: '🛒 CartComponent initialisé'
,Chrome Headless 149.0.0.0 (Windows 10) LOG: '🛍️ Continuer les achats'
,Chrome Headless 149.0.0.0 (Windows 10) LOG: '🛒 CartComponent initialisé'
,Chrome Headless 149.0.0.0 (Windows 10) LOG: '🗑️ Suppression item ID:', 1
,Chrome Headless 149.0.0.0 (Windows 10) LOG: '✅ Item supprimé avec succès (confirmé par serveur)'
,Chrome Headless 149.0.0.0 (Windows 10) ALERT: '✅ Article supprimé du panier'
,Chrome Headless 149.0.0.0 (Windows 10) LOG: '🛒 CartComponent initialisé'
,Chrome Headless 149.0.0.0 (Windows 10) LOG: '🛒 CartComponent initialisé'
,Chrome Headless 149.0.0.0 (Windows 10) LOG: '🛒 CartComponent initialisé'
,Chrome Headless 149.0.0.0 (Windows 10) LOG: '🛒 CartComponent initialisé'
,Chrome Headless 149.0.0.0 (Windows 10) LOG: '🛒 CartComponent initialisé'
,Chrome Headless 149.0.0.0 (Windows 10) LOG: '🛒 CartComponent initialisé'
,Chrome Headless 149.0.0.0 (Windows 10) LOG: '🛒 CartComponent initialisé'
,Chrome Headless 149.0.0.0 (Windows 10) LOG: '📝 Mise à jour quantité - Item:', 1, 'Nouvelle quantité:', 3
,Chrome Headless 149.0.0.0 (Windows 10) LOG: '✅ Quantité mise à jour (confirmé)'
,Chrome Headless 149.0.0.0 (Windows 10) LOG: '🛒 CartComponent initialisé'
,Chrome Headless 149.0.0.0 (Windows 10) LOG: '🛒 CartComponent initialisé'
,Chrome Headless 149.0.0.0 (Windows 10) LOG: '📝 Mise à jour quantité - Item:', 1, 'Nouvelle quantité:', 0
,Chrome Headless 149.0.0.0 (Windows 10) LOG: '📝 Quantité invalide, suppression item'
,Chrome Headless 149.0.0.0 (Windows 10) LOG: '🛒 CartComponent initialisé'
,Chrome Headless 149.0.0.0 (Windows 10) LOG: '🛒 Passage à la commande...'
,Chrome Headless 149.0.0.0 (Windows 10) ALERT: '✅ Commande #1 créée !'
,Chrome Headless 149.0.0.0 (Windows 10) LOG: '🛒 CartComponent initialisé'
,Chrome Headless 149.0.0.0 (Windows 10) LOG: '📝 Mise à jour quantité - Item:', 1, 'Nouvelle quantité:', 3
,Chrome Headless 149.0.0.0 (Windows 10) ERROR: '❌ Erreur mise à jour, restauration...', Error: Update failed
Error: Update failed
    at errorFactory (http://localhost:9876/_karma_webpack_/webpack:/src/app/cart/cart/cart.component.spec.ts:192:65)
    at Observable._subscribe (http://localhost:9876/_karma_webpack_/webpack:/node_modules/rxjs/dist/esm/internal/observable/throwError.js:5:51)
    at Observable._trySubscribe (http://localhost:9876/_karma_webpack_/webpack:/node_modules/rxjs/dist/esm/internal/Observable.js:37:25)
    at cb (http://localhost:9876/_karma_webpack_/webpack:/node_modules/rxjs/dist/esm/internal/Observable.js:31:30)
    at errorContext (http://localhost:9876/_karma_webpack_/webpack:/node_modules/rxjs/dist/esm/internal/util/errorContext.js:19:9)
    at Observable.subscribe (http://localhost:9876/_karma_webpack_/webpack:/node_modules/rxjs/dist/esm/internal/Observable.js:22:21)
    at CartComponent.updateQuantity (http://localhost:9876/_karma_webpack_/webpack:/src/app/cart/cart/cart.component.ts:237:63)
    at UserContext.apply (http://localhost:9876/_karma_webpack_/webpack:/src/app/cart/cart/cart.component.spec.ts:196:15)
    at UserContext.apply (http://localhost:9876/_karma_webpack_/webpack:/node_modules/zone.js/fesm2015/zone-testing.js:1987:30)
    at _ZoneDelegate.invoke (http://localhost:9876/_karma_webpack_/webpack:/node_modules/zone.js/fesm2015/zone.js:368:26)
,Chrome Headless 149.0.0.0 (Windows 10) LOG: '🛒 CartComponent initialisé'
,Chrome Headless 149.0.0.0 (Windows 10) LOG: '🛒 CartComponent initialisé'
,Chrome Headless 149.0.0.0 (Windows 10) LOG: '🛒 CartComponent initialisé'
,Chrome Headless 149.0.0.0 (Windows 10) LOG: '🔄 Rechargement manuel panier...'
,Chrome Headless 149.0.0.0 (Windows 10) LOG: '🛒 CartComponent initialisé'
,Chrome Headless 149.0.0.0 (Windows 10) LOG: '🛒 CartComponent initialisé'
,Chrome Headless 149.0.0.0 (Windows 10) LOG: '🗑️ Suppression item ID:', 1
,Chrome Headless 149.0.0.0 (Windows 10) ERROR: '❌ Erreur suppression, restauration...', Error: Remove failed
Error: Remove failed
    at errorFactory (http://localhost:9876/_karma_webpack_/webpack:/src/app/cart/cart/cart.component.spec.ts:155:65)
    at Observable._subscribe (http://localhost:9876/_karma_webpack_/webpack:/node_modules/rxjs/dist/esm/internal/observable/throwError.js:5:51)
    at Observable._trySubscribe (http://localhost:9876/_karma_webpack_/webpack:/node_modules/rxjs/dist/esm/internal/Observable.js:37:25)
    at cb (http://localhost:9876/_karma_webpack_/webpack:/node_modules/rxjs/dist/esm/internal/Observable.js:31:30)
    at errorContext (http://localhost:9876/_karma_webpack_/webpack:/node_modules/rxjs/dist/esm/internal/util/errorContext.js:19:9)
    at Observable.subscribe (http://localhost:9876/_karma_webpack_/webpack:/node_modules/rxjs/dist/esm/internal/Observable.js:22:21)
    at CartComponent.removeItem (http://localhost:9876/_karma_webpack_/webpack:/src/app/cart/cart/cart.component.ts:177:42)
    at UserContext.apply (http://localhost:9876/_karma_webpack_/webpack:/src/app/cart/cart/cart.component.spec.ts:159:15)
    at UserContext.apply (http://localhost:9876/_karma_webpack_/webpack:/node_modules/zone.js/fesm2015/zone-testing.js:1987:30)
    at _ZoneDelegate.invoke (http://localhost:9876/_karma_webpack_/webpack:/node_modules/zone.js/fesm2015/zone.js:368:26)
,Chrome Headless 149.0.0.0 (Windows 10) LOG: '🛒 CartComponent initialisé'
,Chrome Headless 149.0.0.0 (Windows 10) LOG: '🔄 CartComponent ngOnInit'
,Chrome Headless 149.0.0.0 (Windows 10) LOG: '🔍 Vérification authentification...'
,Chrome Headless 149.0.0.0 (Windows 10) LOG: '✅ Utilisateur connecté:', Object{id: 1, nom: 'Doe', prenom: 'John', email: 'john@example.com', motDePasse: 'password', role: 'CLIENT'}
,Chrome Headless 149.0.0.0 (Windows 10) LOG: '🔄 Chargement panier pour userId:', 1
,Chrome Headless 149.0.0.0 (Windows 10) LOG: '✅ Panier chargé avec succès:', Object{id: 1, total: 99.98, items: [Object{id: ..., quantite: ..., prixUnitaire: ..., product: ...}], dateCreation: Tue Jul 07 2026 14:44:41 GMT+0100 (heure d’Afrique de l’Ouest), user: Object{id: 1, nom: 'Doe', prenom: 'John', email: 'john@example.com', motDePasse: 'password', role: 'CLIENT'}}
,Chrome Headless 149.0.0.0 (Windows 10) LOG: '📊 Nombre d'articles:', 1
,Chrome Headless 149.0.0.0 (Windows 10) LOG: '📦 Panier final:', Object{id: 1, total: 149.97, items: [Object{id: ..., quantite: ..., prixUnitaire: ..., product: ...}], dateCreation: Tue Jul 07 2026 14:44:41 GMT+0100 (heure d’Afrique de l’Ouest), user: Object{id: 1, nom: 'Doe', prenom: 'John', email: 'john@example.com', motDePasse: 'password', role: 'CLIENT'}}
,Chrome Headless 149.0.0.0 (Windows 10) LOG: '🔔 Notification reçue: rechargement du panier'
,Chrome Headless 149.0.0.0 (Windows 10) LOG: '🔄 Chargement panier pour userId:', 1
,Chrome Headless 149.0.0.0 (Windows 10) LOG: '✅ Panier chargé avec succès:', Object{id: 1, total: 149.97, items: [Object{id: ..., quantite: ..., prixUnitaire: ..., product: ...}], dateCreation: Tue Jul 07 2026 14:44:41 GMT+0100 (heure d’Afrique de l’Ouest), user: Object{id: 1, nom: 'Doe', prenom: 'John', email: 'john@example.com', motDePasse: 'password', role: 'CLIENT'}}
,Chrome Headless 149.0.0.0 (Windows 10) LOG: '📊 Nombre d'articles:', 1
,Chrome Headless 149.0.0.0 (Windows 10) LOG: '📦 Panier final:', Object{id: 1, total: 149.97, items: [Object{id: ..., quantite: ..., prixUnitaire: ..., product: ...}], dateCreation: Tue Jul 07 2026 14:44:41 GMT+0100 (heure d’Afrique de l’Ouest), user: Object{id: 1, nom: 'Doe', prenom: 'John', email: 'john@example.com', motDePasse: 'password', role: 'CLIENT'}}
,Chrome Headless 149.0.0.0 (Windows 10) LOG: '🛒 CartComponent initialisé'
,Chrome Headless 149.0.0.0 (Windows 10) LOG: '🔄 CartComponent ngOnInit'
,Chrome Headless 149.0.0.0 (Windows 10) LOG: '🔍 Vérification authentification...'
,Chrome Headless 149.0.0.0 (Windows 10) LOG: '❌ Utilisateur non connecté'
,Chrome Headless 149.0.0.0 (Windows 10) LOG: '🔔 Notification reçue: rechargement du panier'
,Chrome Headless 149.0.0.0 (Windows 10) LOG: '🔄 Chargement panier pour userId:', null
,Chrome Headless 149.0.0.0 (Windows 10) LOG: '✅ Panier chargé avec succès:', Object{id: 1, total: 149.97, items: [Object{id: ..., quantite: ..., prixUnitaire: ..., product: ...}], dateCreation: Tue Jul 07 2026 14:44:41 GMT+0100 (heure d’Afrique de l’Ouest), user: Object{id: 1, nom: 'Doe', prenom: 'John', email: 'john@example.com', motDePasse: 'password', role: 'CLIENT'}}
,Chrome Headless 149.0.0.0 (Windows 10) LOG: '📊 Nombre d'articles:', 1
,Chrome Headless 149.0.0.0 (Windows 10) LOG: '📦 Panier final:', Object{id: 1, total: 149.97, items: [Object{id: ..., quantite: ..., prixUnitaire: ..., product: ...}], dateCreation: Tue Jul 07 2026 14:44:41 GMT+0100 (heure d’Afrique de l’Ouest), user: Object{id: 1, nom: 'Doe', prenom: 'John', email: 'john@example.com', motDePasse: 'password', role: 'CLIENT'}}
,Chrome Headless 149.0.0.0 (Windows 10) LOG: 'CartService initialisé avec URL:', '/api/carts'
,Chrome Headless 149.0.0.0 (Windows 10) LOG: 'removeItem appelé - ItemId:', 1
,Chrome Headless 149.0.0.0 (Windows 10) LOG: 'CartService initialisé avec URL:', '/api/carts'
,Chrome Headless 149.0.0.0 (Windows 10) LOG: 'getCartByUser appelé - UserId:', 1
,Chrome Headless 149.0.0.0 (Windows 10) LOG: 'Panier récupéré pour user:', Object{id: 1, total: 99.99, items: [Object{id: ..., quantite: ..., prixUnitaire: ..., product: ..., cart: ...}], dateCreation: Tue Jul 07 2026 14:44:41 GMT+0100 (heure d’Afrique de l’Ouest), user: Object{id: 1, nom: 'Doe', prenom: 'John', email: 'john@example.com', motDePasse: 'password', role: 'CLIENT'}}
,Chrome Headless 149.0.0.0 (Windows 10) LOG: 'CartId stocké:', 1
,Chrome Headless 149.0.0.0 (Windows 10) LOG: 'Cart count calculé:', 2
,Chrome Headless 149.0.0.0 (Windows 10) LOG: 'CartService initialisé avec URL:', '/api/carts'
,Chrome Headless 149.0.0.0 (Windows 10) LOG: 'CartService initialisé avec URL:', '/api/carts'
,Chrome Headless 149.0.0.0 (Windows 10) LOG: 'CartService initialisé avec URL:', '/api/carts'
,Chrome Headless 149.0.0.0 (Windows 10) LOG: 'addToCart - Produit: 1, Quantité: 2, User: 1'
,Chrome Headless 149.0.0.0 (Windows 10) LOG: 'getCartByUser appelé - UserId:', 1
,Chrome Headless 149.0.0.0 (Windows 10) LOG: 'Panier récupéré pour user:', Object{id: 1, total: 99.99, items: [], dateCreation: Tue Jul 07 2026 14:44:41 GMT+0100 (heure d’Afrique de l’Ouest), user: Object{id: 1, nom: 'Doe', prenom: 'John', email: 'john@example.com', motDePasse: 'password', role: 'CLIENT'}}
,Chrome Headless 149.0.0.0 (Windows 10) LOG: 'CartId stocké:', 1
,Chrome Headless 149.0.0.0 (Windows 10) LOG: 'Panier trouvé:', Object{id: 1, total: 99.99, items: [], dateCreation: Tue Jul 07 2026 14:44:41 GMT+0100 (heure d’Afrique de l’Ouest), user: Object{id: 1, nom: 'Doe', prenom: 'John', email: 'john@example.com', motDePasse: 'password', role: 'CLIENT'}}
,Chrome Headless 149.0.0.0 (Windows 10) LOG: 'Envoi requête simplifiée à API:', Object{productId: 1, quantite: 2}
,Chrome Headless 149.0.0.0 (Windows 10) LOG: 'CartService initialisé avec URL:', '/api/carts'
,Chrome Headless 149.0.0.0 (Windows 10) LOG: 'getCartByUser appelé - UserId:', 1
,Chrome Headless 149.0.0.0 (Windows 10) LOG: 'Panier récupéré pour user:', Object{id: 1, total: 99.99, items: [], dateCreation: Tue Jul 07 2026 14:44:41 GMT+0100 (heure d’Afrique de l’Ouest), user: Object{id: 1, nom: 'Doe', prenom: 'John', email: 'john@example.com', motDePasse: 'password', role: 'CLIENT'}}
,Chrome Headless 149.0.0.0 (Windows 10) LOG: 'CartId stocké:', 1
,Chrome Headless 149.0.0.0 (Windows 10) LOG: 'CartService initialisé avec URL:', '/api/carts'
,Chrome Headless 149.0.0.0 (Windows 10) LOG: 'CartService initialisé avec URL:', '/api/carts'
,Chrome Headless 149.0.0.0 (Windows 10) LOG: 'getOrCreateCart appelé'
,Chrome Headless 149.0.0.0 (Windows 10) LOG: 'Récupération panier pour utilisateur ID:', 1
,Chrome Headless 149.0.0.0 (Windows 10) LOG: 'getCartByUser appelé - UserId:', 1
,Chrome Headless 149.0.0.0 (Windows 10) ERROR: 'Erreur récupération panier user:', HttpErrorResponse{headers: HttpHeaders{normalizedNames: Map{}, lazyUpdate: null, headers: Map{}}, status: 500, statusText: 'Internal Server Error', url: '/api/carts/user/1', ok: false, name: 'HttpErrorResponse', message: 'Http failure response for /api/carts/user/1: 500 Internal Server Error', error: 'Error'}
,Chrome Headless 149.0.0.0 (Windows 10) LOG: 'Erreur récupération panier:', HttpErrorResponse{headers: HttpHeaders{normalizedNames: Map{}, lazyUpdate: null, headers: Map{}}, status: 500, statusText: 'Internal Server Error', url: '/api/carts/user/1', ok: false, name: 'HttpErrorResponse', message: 'Http failure response for /api/carts/user/1: 500 Internal Server Error', error: 'Error'}
,Chrome Headless 149.0.0.0 (Windows 10) ERROR: 'Erreur autre que 404:', HttpErrorResponse{headers: HttpHeaders{normalizedNames: Map{}, lazyUpdate: null, headers: Map{}}, status: 500, statusText: 'Internal Server Error', url: '/api/carts/user/1', ok: false, name: 'HttpErrorResponse', message: 'Http failure response for /api/carts/user/1: 500 Internal Server Error', error: 'Error'}
,Chrome Headless 149.0.0.0 (Windows 10) LOG: 'CartService initialisé avec URL:', '/api/carts'
,Chrome Headless 149.0.0.0 (Windows 10) LOG: 'getOrCreateCart appelé'
,Chrome Headless 149.0.0.0 (Windows 10) LOG: 'Récupération panier pour utilisateur ID:', 1
,Chrome Headless 149.0.0.0 (Windows 10) LOG: 'getCartByUser appelé - UserId:', 1
,Chrome Headless 149.0.0.0 (Windows 10) LOG: 'Panier récupéré pour user:', Object{id: 1, total: 99.99, items: [], dateCreation: Tue Jul 07 2026 14:44:41 GMT+0100 (heure d’Afrique de l’Ouest), user: Object{id: 1, nom: 'Doe', prenom: 'John', email: 'john@example.com', motDePasse: 'password', role: 'CLIENT'}}
,Chrome Headless 149.0.0.0 (Windows 10) LOG: 'CartId stocké:', 1
,Chrome Headless 149.0.0.0 (Windows 10) LOG: 'Panier existant trouvé:', Object{id: 1, total: 99.99, items: [], dateCreation: Tue Jul 07 2026 14:44:41 GMT+0100 (heure d’Afrique de l’Ouest), user: Object{id: 1, nom: 'Doe', prenom: 'John', email: 'john@example.com', motDePasse: 'password', role: 'CLIENT'}}
,Chrome Headless 149.0.0.0 (Windows 10) LOG: 'CartId stocké:', 1
,Chrome Headless 149.0.0.0 (Windows 10) LOG: 'CartService initialisé avec URL:', '/api/carts'
,Chrome Headless 149.0.0.0 (Windows 10) LOG: 'CartService initialisé avec URL:', '/api/carts'
,Chrome Headless 149.0.0.0 (Windows 10) LOG: 'getOrCreateCart appelé'
,Chrome Headless 149.0.0.0 (Windows 10) LOG: 'Récupération panier pour utilisateur ID:', 1
,Chrome Headless 149.0.0.0 (Windows 10) LOG: 'getCartByUser appelé - UserId:', 1
,Chrome Headless 149.0.0.0 (Windows 10) ERROR: 'Erreur récupération panier user:', HttpErrorResponse{headers: HttpHeaders{normalizedNames: Map{}, lazyUpdate: null, headers: Map{}}, status: 404, statusText: 'Not Found', url: '/api/carts/user/1', ok: false, name: 'HttpErrorResponse', message: 'Http failure response for /api/carts/user/1: 404 Not Found', error: 'Not found'}
,Chrome Headless 149.0.0.0 (Windows 10) LOG: 'Erreur récupération panier:', HttpErrorResponse{headers: HttpHeaders{normalizedNames: Map{}, lazyUpdate: null, headers: Map{}}, status: 404, statusText: 'Not Found', url: '/api/carts/user/1', ok: false, name: 'HttpErrorResponse', message: 'Http failure response for /api/carts/user/1: 404 Not Found', error: 'Not found'}
,Chrome Headless 149.0.0.0 (Windows 10) LOG: 'Création nouveau panier pour utilisateur:', 1
,Chrome Headless 149.0.0.0 (Windows 10) LOG: 'createCart appelé:', Object{total: 0, items: [], dateCreation: Tue Jul 07 2026 14:44:42 GMT+0100 (heure d’Afrique de l’Ouest), user: Object{id: 1, nom: 'Doe', prenom: 'John', email: 'john@example.com', role: 'CLIENT'}}
,Chrome Headless 149.0.0.0 (Windows 10) LOG: 'Nouveau panier créé:', Object{id: 2, total: 99.99, items: [], dateCreation: Tue Jul 07 2026 14:44:41 GMT+0100 (heure d’Afrique de l’Ouest), user: Object{id: 1, nom: 'Doe', prenom: 'John', email: 'john@example.com', motDePasse: 'password', role: 'CLIENT'}}
,Chrome Headless 149.0.0.0 (Windows 10) LOG: 'CartId stocké:', 2
,Chrome Headless 149.0.0.0 (Windows 10) LOG: 'CartService initialisé avec URL:', '/api/carts'
,Chrome Headless 149.0.0.0 (Windows 10) LOG: '🛒 addProductToCartSimple - Produit: 1, Quantité: 2, Timestamp: 1783431882497'
,Chrome Headless 149.0.0.0 (Windows 10) LOG: 'CartService initialisé avec URL:', '/api/carts'
,Chrome Headless 149.0.0.0 (Windows 10) LOG: 'updateItem appelé - ItemId:', 1
,Chrome Headless 149.0.0.0 (Windows 10) LOG: 'CartService initialisé avec URL:', '/api/carts'
,Chrome Headless 149.0.0.0 (Windows 10) LOG: '🛒 addProductToCartSimple - Produit: 1, Quantité: 2, Timestamp: 1783431882502'
,Chrome Headless 149.0.0.0 (Windows 10) LOG: 'addToCart - Produit: 1, Quantité: 2, User: 1'
,Chrome Headless 149.0.0.0 (Windows 10) LOG: 'getCartByUser appelé - UserId:', 1
,Chrome Headless 149.0.0.0 (Windows 10) LOG: 'Panier récupéré pour user:', Object{id: 1, total: 99.99, items: [], dateCreation: Tue Jul 07 2026 14:44:41 GMT+0100 (heure d’Afrique de l’Ouest), user: Object{id: 1, nom: 'Doe', prenom: 'John', email: 'john@example.com', motDePasse: 'password', role: 'CLIENT'}}
,Chrome Headless 149.0.0.0 (Windows 10) LOG: 'CartId stocké:', 1
,Chrome Headless 149.0.0.0 (Windows 10) LOG: 'Panier trouvé:', Object{id: 1, total: 99.99, items: [], dateCreation: Tue Jul 07 2026 14:44:41 GMT+0100 (heure d’Afrique de l’Ouest), user: Object{id: 1, nom: 'Doe', prenom: 'John', email: 'john@example.com', motDePasse: 'password', role: 'CLIENT'}}
,Chrome Headless 149.0.0.0 (Windows 10) LOG: 'Envoi requête simplifiée à API:', Object{productId: 1, quantite: 2}
,Chrome Headless 149.0.0.0 (Windows 10) LOG: '✅ Produit ajouté avec succès:', Object{id: 1, quantite: 2, prixUnitaire: 49.99, product: Object{id: 1, nom: 'Produit Test', prix: 49.99, stock: 10}, cart: Object{id: 1, total: 99.99, items: [], dateCreation: Tue Jul 07 2026 14:44:41 GMT+0100 (heure d’Afrique de l’Ouest), user: Object{id: ..., nom: ..., prenom: ..., email: ..., motDePasse: ..., role: ...}}}
,Chrome Headless 149.0.0.0 (Windows 10) LOG: 'CartService initialisé avec URL:', '/api/carts'
,Chrome Headless 149.0.0.0 (Windows 10) LOG: 'addToCart - Produit: 1, Quantité: 2, User: 1'
,Chrome Headless 149.0.0.0 (Windows 10) LOG: 'getCartByUser appelé - UserId:', 1
,Chrome Headless 149.0.0.0 (Windows 10) ERROR: 'Erreur récupération panier user:', HttpErrorResponse{headers: HttpHeaders{normalizedNames: Map{}, lazyUpdate: null, headers: Map{}}, status: 404, statusText: 'Not Found', url: '/api/carts/user/1', ok: false, name: 'HttpErrorResponse', message: 'Http failure response for /api/carts/user/1: 404 Not Found', error: 'Not found'}
,Chrome Headless 149.0.0.0 (Windows 10) LOG: 'Erreur récupération panier:', HttpErrorResponse{headers: HttpHeaders{normalizedNames: Map{}, lazyUpdate: null, headers: Map{}}, status: 404, statusText: 'Not Found', url: '/api/carts/user/1', ok: false, name: 'HttpErrorResponse', message: 'Http failure response for /api/carts/user/1: 404 Not Found', error: 'Not found'}
,Chrome Headless 149.0.0.0 (Windows 10) LOG: 'Création nouveau panier pour user:', 1
,Chrome Headless 149.0.0.0 (Windows 10) LOG: 'findOrCreateCartForUser - UserId:', 1
,Chrome Headless 149.0.0.0 (Windows 10) LOG: 'CartService initialisé avec URL:', '/api/carts'
,Chrome Headless 149.0.0.0 (Windows 10) LOG: 'deleteCart appelé - CartId:', 1
,Chrome Headless 149.0.0.0 (Windows 10) LOG: 'CartService initialisé avec URL:', '/api/carts'
,Chrome Headless 149.0.0.0 (Windows 10) LOG: 'getCartByUser appelé - UserId:', 1
,Chrome Headless 149.0.0.0 (Windows 10) LOG: 'Panier récupéré pour user:', Object{id: 1, total: 99.99, items: [], dateCreation: Tue Jul 07 2026 14:44:41 GMT+0100 (heure d’Afrique de l’Ouest), user: Object{id: 1, nom: 'Doe', prenom: 'John', email: 'john@example.com', motDePasse: 'password', role: 'CLIENT'}}
,Chrome Headless 149.0.0.0 (Windows 10) LOG: 'CartId stocké:', 1
,Chrome Headless 149.0.0.0 (Windows 10) LOG: 'CartService initialisé avec URL:', '/api/carts'
,Chrome Headless 149.0.0.0 (Windows 10) LOG: 'addItem appelé:', Object{id: 1, quantite: 2, prixUnitaire: 49.99, product: Object{id: 1, nom: 'Produit Test', prix: 49.99, stock: 10}, cart: Object{id: 1, total: 99.99, items: [], dateCreation: Tue Jul 07 2026 14:44:41 GMT+0100 (heure d’Afrique de l’Ouest), user: Object{id: ..., nom: ..., prenom: ..., email: ..., motDePasse: ..., role: ...}}}
,Chrome Headless 149.0.0.0 (Windows 10) LOG: 'CartService initialisé avec URL:', '/api/carts'
,Chrome Headless 149.0.0.0 (Windows 10) LOG: '🔔 Notification mise à jour panier'
,Chrome Headless 149.0.0.0 (Windows 10) LOG: 'CartService initialisé avec URL:', '/api/carts'
,Chrome Headless 149.0.0.0 (Windows 10) LOG: 'createCart appelé:', Object{id: undefined, total: 99.99, items: [], dateCreation: Tue Jul 07 2026 14:44:41 GMT+0100 (heure d’Afrique de l’Ouest), user: Object{id: 1, nom: 'Doe', prenom: 'John', email: 'john@example.com', motDePasse: 'password', role: 'CLIENT'}}
,Chrome Headless 149.0.0.0 (Windows 10) LOG: 'CartService initialisé avec URL:', '/api/carts'
,Chrome Headless 149.0.0.0 (Windows 10) LOG: 'updateCart appelé - CartId:', 1
,Chrome Headless 149.0.0.0 (Windows 10) LOG: 'CartService initialisé avec URL:', '/api/carts'
,Chrome Headless 149.0.0.0 (Windows 10) LOG: 'CartService initialisé avec URL:', '/api/carts'
,Chrome Headless 149.0.0.0 (Windows 10) LOG: 'getCart appelé - CartId:', 1
,Chrome Headless 149.0.0.0 (Windows 10) LOG: 'CartService initialisé avec URL:', '/api/carts'
,Chrome Headless 149.0.0.0 (Windows 10) LOG: 'CartService initialisé avec URL:', '/api/carts'
,Chrome Headless 149.0.0.0 (Windows 10) LOG: 'getCartByUser appelé - UserId:', 1
,Chrome Headless 149.0.0.0 (Windows 10) ERROR: 'Erreur récupération panier user:', HttpErrorResponse{headers: HttpHeaders{normalizedNames: Map{}, lazyUpdate: null, headers: Map{}}, status: 404, statusText: 'Not Found', url: '/api/carts/user/1', ok: false, name: 'HttpErrorResponse', message: 'Http failure response for /api/carts/user/1: 404 Not Found', error: 'Not found'}
,Chrome Headless 149.0.0.0 (Windows 10) LOG: '=== ÉTAT COMPLET DU COMPOSANT ==='
,Chrome Headless 149.0.0.0 (Windows 10) LOG: 'Is Authenticated:', true
,Chrome Headless 149.0.0.0 (Windows 10) LOG: 'Is Admin:', true
,Chrome Headless 149.0.0.0 (Windows 10) LOG: 'Current User:', null
,Chrome Headless 149.0.0.0 (Windows 10) LOG: 'Token exists:', true
,Chrome Headless 149.0.0.0 (Windows 10) LOG: '===================='
,Chrome Headless 149.0.0.0 (Windows 10) LOG: '🔄 Rafraîchissement de la liste...'
,Chrome Headless 149.0.0.0 (Windows 10) ERROR: '=== ERREUR DÉTAILLÉE ==='
,Chrome Headless 149.0.0.0 (Windows 10) ERROR: 'Status:', 403
,Chrome Headless 149.0.0.0 (Windows 10) ERROR: 'Status Text:', undefined
,Chrome Headless 149.0.0.0 (Windows 10) ERROR: 'Message:', 'Forbidden'
,Chrome Headless 149.0.0.0 (Windows 10) ERROR: 'URL:', undefined
,Chrome Headless 149.0.0.0 (Windows 10) ERROR: 'Error Object:', undefined
,Chrome Headless 149.0.0.0 (Windows 10) ERROR: '=== ERREUR DÉTAILLÉE ==='
,Chrome Headless 149.0.0.0 (Windows 10) ERROR: 'Status:', 401
,Chrome Headless 149.0.0.0 (Windows 10) ERROR: 'Status Text:', undefined
,Chrome Headless 149.0.0.0 (Windows 10) ERROR: 'Message:', 'Unauthorized'
,Chrome Headless 149.0.0.0 (Windows 10) ERROR: 'URL:', undefined
,Chrome Headless 149.0.0.0 (Windows 10) ERROR: 'Error Object:', undefined
,Chrome Headless 149.0.0.0 (Windows 10) ERROR: '=== ERREUR DÉTAILLÉE ==='
,Chrome Headless 149.0.0.0 (Windows 10) ERROR: 'Status:', 404
,Chrome Headless 149.0.0.0 (Windows 10) ERROR: 'Status Text:', undefined
,Chrome Headless 149.0.0.0 (Windows 10) ERROR: 'Message:', 'Not Found'
,Chrome Headless 149.0.0.0 (Windows 10) ERROR: 'URL:', '/api/users'
,Chrome Headless 149.0.0.0 (Windows 10) ERROR: 'Error Object:', undefined
,Chrome Headless 149.0.0.0 (Windows 10) ERROR: '=== ERREUR DÉTAILLÉE ==='
,Chrome Headless 149.0.0.0 (Windows 10) ERROR: 'Status:', 503
,Chrome Headless 149.0.0.0 (Windows 10) ERROR: 'Status Text:', undefined
,Chrome Headless 149.0.0.0 (Windows 10) ERROR: 'Message:', 'Service Unavailable'
,Chrome Headless 149.0.0.0 (Windows 10) ERROR: 'URL:', undefined
,Chrome Headless 149.0.0.0 (Windows 10) ERROR: 'Error Object:', undefined
,Chrome Headless 149.0.0.0 (Windows 10) ERROR: '=== ERREUR DÉTAILLÉE ==='
,Chrome Headless 149.0.0.0 (Windows 10) ERROR: 'Status:', 0
,Chrome Headless 149.0.0.0 (Windows 10) ERROR: 'Status Text:', undefined
,Chrome Headless 149.0.0.0 (Windows 10) ERROR: 'Message:', 'Connection lost'
,Chrome Headless 149.0.0.0 (Windows 10) ERROR: 'URL:', undefined
,Chrome Headless 149.0.0.0 (Windows 10) ERROR: 'Error Object:', undefined
,Chrome Headless 149.0.0.0 (Windows 10) LOG: 'Chargement de données mockées...'
,Chrome Headless 149.0.0.0 (Windows 10) LOG: '✅ 5 utilisateurs mockés chargés'
,Chrome Headless 149.0.0.0 (Windows 10) LOG: 'Données:', [Object{id: 1, nom: 'Administrateur', prenom: 'Système', email: 'admin@maboutique.com', motDePasse: '', role: 'ADMIN'}, Object{id: 2, nom: 'Client', prenom: 'Premium', email: 'client.premium@test.com', motDePasse: '', role: 'CLIENT'}, Object{id: 3, nom: 'Dupont', prenom: 'Jean', email: 'jean@example.com', motDePasse: '', role: 'ADMIN'}, Object{id: 4, nom: 'Martin', prenom: 'Sophie', email: 'sophie.martin@example.com', motDePasse: '', role: 'CLIENT'}, Object{id: 5, nom: 'Leroy', prenom: 'Thomas', email: 'thomas.leroy@example.com', motDePasse: '', role: 'CLIENT'}]
,Chrome Headless 149.0.0.0 (Windows 10) LOG: 'Chargement de données mockées...'
,Chrome Headless 149.0.0.0 (Windows 10) LOG: '✅ 5 utilisateurs mockés chargés'
,Chrome Headless 149.0.0.0 (Windows 10) LOG: 'Données:', [Object{id: 1, nom: 'Administrateur', prenom: 'Système', email: 'admin@maboutique.com', motDePasse: '', role: 'ADMIN'}, Object{id: 2, nom: 'Client', prenom: 'Premium', email: 'client.premium@test.com', motDePasse: '', role: 'CLIENT'}, Object{id: 3, nom: 'Dupont', prenom: 'Jean', email: 'jean.dupont@test.com', motDePasse: '', role: 'ADMIN'}, Object{id: 4, nom: 'Martin', prenom: 'Sophie', email: 'sophie.martin@example.com', motDePasse: '', role: 'CLIENT'}, Object{id: 5, nom: 'Leroy', prenom: 'Thomas', email: 'thomas.leroy@example.com', motDePasse: '', role: 'CLIENT'}]
,Chrome Headless 149.0.0.0 (Windows 10) LOG: 'Création d'un utilisateur test...'
,Chrome Headless 149.0.0.0 (Windows 10) LOG: '✅ Utilisateur test créé:', Object{id: 4, nom: 'Test42', prenom: 'User', email: 'test@example.com', motDePasse: 'password', role: 'CLIENT'}
,Chrome Headless 149.0.0.0 (Windows 10) LOG: 'Création d'un utilisateur test...'
,Chrome Headless 149.0.0.0 (Windows 10) ERROR: '❌ Erreur création test user:', Error: Create failed
Error: Create failed
    at errorFactory (http://localhost:9876/_karma_webpack_/webpack:/src/app/users/user-list/user-list.component.spec.ts:366:63)
    at Observable._subscribe (http://localhost:9876/_karma_webpack_/webpack:/node_modules/rxjs/dist/esm/internal/observable/throwError.js:5:51)
    at Observable._trySubscribe (http://localhost:9876/_karma_webpack_/webpack:/node_modules/rxjs/dist/esm/internal/Observable.js:37:25)
    at cb (http://localhost:9876/_karma_webpack_/webpack:/node_modules/rxjs/dist/esm/internal/Observable.js:31:30)
    at errorContext (http://localhost:9876/_karma_webpack_/webpack:/node_modules/rxjs/dist/esm/internal/util/errorContext.js:19:9)
    at Observable.subscribe (http://localhost:9876/_karma_webpack_/webpack:/node_modules/rxjs/dist/esm/internal/Observable.js:22:21)
    at UserListComponent.createTestUser (http://localhost:9876/_karma_webpack_/webpack:/src/app/users/user-list/user-list.component.ts:337:39)
    at UserContext.apply (http://localhost:9876/_karma_webpack_/webpack:/src/app/users/user-list/user-list.component.spec.ts:371:17)
    at _ZoneDelegate.invoke (http://localhost:9876/_karma_webpack_/webpack:/node_modules/zone.js/fesm2015/zone.js:368:26)
    at ProxyZoneSpec.onInvoke (http://localhost:9876/_karma_webpack_/webpack:/node_modules/zone.js/fesm2015/zone-testing.js:273:39)
,Chrome Headless 149.0.0.0 (Windows 10) LOG: 'Utilisateur mocké ajouté localement:', Object{id: 4, nom: 'Test51', prenom: 'User', email: 'test.user.1783431882598@maboutique.com', motDePasse: 'password123', role: 'CLIENT'}
,Chrome Headless 149.0.0.0 (Windows 10) LOG: '🔔 Notification mise à jour panier'
,Chrome Headless 149.0.0.0 (Windows 10) LOG: '=== UserListComponent initialisé ==='
,Chrome Headless 149.0.0.0 (Windows 10) LOG: 'URL API UserService:', 'http://localhost:8080/api'
,Chrome Headless 149.0.0.0 (Windows 10) LOG: 'Utilisateur connecté:', Object{id: 1, nom: 'Admin', prenom: 'System', email: 'admin@maboutique.com', role: 'ADMIN'}
,Chrome Headless 149.0.0.0 (Windows 10) LOG: 'Est admin?', true
,Chrome Headless 149.0.0.0 (Windows 10) LOG: 'Est authentifié?', true
,Chrome Headless 149.0.0.0 (Windows 10) LOG: '=== DÉBUT CHARGEMENT UTILISATEURS ==='
,Chrome Headless 149.0.0.0 (Windows 10) LOG: 'URL utilisée:', '/api/users'
,Chrome Headless 149.0.0.0 (Windows 10) LOG: '✅ Backend accessible:', Object{success: true}
,Chrome Headless 149.0.0.0 (Windows 10) LOG: '✅ Données API reçues:', [Object{id: 1, nom: 'Doe', prenom: 'John', email: 'john@example.com', motDePasse: '', role: 'ADMIN'}, Object{id: 2, nom: 'Smith', prenom: 'Jane', email: 'jane@example.com', motDePasse: '', role: 'CLIENT'}, Object{id: 3, nom: 'Johnson', prenom: 'Bob', email: 'bob@example.com', motDePasse: '', role: 'CLIENT'}]
,Chrome Headless 149.0.0.0 (Windows 10) LOG: 'Type:', 'object'
,Chrome Headless 149.0.0.0 (Windows 10) LOG: 'Is Array:', true
,Chrome Headless 149.0.0.0 (Windows 10) LOG: '📊 3 utilisateur(s) chargé(s) avec succès'
,Chrome Headless 149.0.0.0 (Windows 10) LOG: '=== ÉTAT COMPLET DU COMPOSANT ==='
,Chrome Headless 149.0.0.0 (Windows 10) LOG: 'Is Authenticated:', true
,Chrome Headless 149.0.0.0 (Windows 10) LOG: 'Is Admin:', true
,Chrome Headless 149.0.0.0 (Windows 10) LOG: 'Current User:', Object{id: 1, nom: 'Admin', prenom: 'System', email: 'admin@maboutique.com', role: 'ADMIN'}
,Chrome Headless 149.0.0.0 (Windows 10) LOG: 'Token exists:', true
,Chrome Headless 149.0.0.0 (Windows 10) LOG: '===================='
,Chrome Headless 149.0.0.0 (Windows 10) LOG: '=== TEST API DIRECT AVEC FETCH ==='
,Chrome Headless 149.0.0.0 (Windows 10) LOG: 'Fetch Response Status:', 404, 'Not Found'
,Chrome Headless 149.0.0.0 (Windows 10) LOG: 'Fetch Response Headers:', Headers{}
,Chrome Headless 149.0.0.0 (Windows 10) ERROR: 'Fetch Error:', Error: HTTP 404: Not Found
Error: HTTP 404: Not Found
    at apply (http://localhost:9876/_karma_webpack_/webpack:/src/app/users/user-list/user-list.component.ts:75:17)
    at _ZoneDelegate.invoke (http://localhost:9876/_karma_webpack_/webpack:/node_modules/zone.js/fesm2015/zone.js:368:26)
    at ProxyZoneSpec.onInvoke (http://localhost:9876/_karma_webpack_/webpack:/node_modules/zone.js/fesm2015/zone-testing.js:273:39)
    at _ZoneDelegate.invoke (http://localhost:9876/_karma_webpack_/webpack:/node_modules/zone.js/fesm2015/zone.js:367:52)
    at Object.onInvoke (http://localhost:9876/_karma_webpack_/webpack:/node_modules/@angular/core/fesm2022/core.mjs:11083:33)
    at _ZoneDelegate.invoke (http://localhost:9876/_karma_webpack_/webpack:/node_modules/zone.js/fesm2015/zone.js:367:52)
    at Zone.run (http://localhost:9876/_karma_webpack_/webpack:/node_modules/zone.js/fesm2015/zone.js:129:43)
    at apply (http://localhost:9876/_karma_webpack_/webpack:/node_modules/zone.js/fesm2015/zone.js:1257:36)
    at _ZoneDelegate.invokeTask (http://localhost:9876/_karma_webpack_/webpack:/node_modules/zone.js/fesm2015/zone.js:402:31)
    at ProxyZoneSpec.onInvokeTask (http://localhost:9876/_karma_webpack_/webpack:/node_modules/zone.js/fesm2015/zone-testing.js:304:39)
,Chrome Headless 149.0.0.0 (Windows 10) ERROR: 'Message d'erreur:', 'HTTP 404: Not Found'
,Chrome Headless 149.0.0.0 (Windows 10) LOG: '=== UserListComponent initialisé ==='
,Chrome Headless 149.0.0.0 (Windows 10) LOG: 'URL API UserService:', 'http://localhost:8080/api'
,Chrome Headless 149.0.0.0 (Windows 10) LOG: 'Utilisateur connecté:', Object{id: 1, nom: 'Admin', prenom: 'System', email: 'admin@maboutique.com', role: 'ADMIN'}
,Chrome Headless 149.0.0.0 (Windows 10) LOG: 'Est admin?', true
,Chrome Headless 149.0.0.0 (Windows 10) LOG: 'Est authentifié?', false
,Chrome Headless 149.0.0.0 (Windows 10) ERROR: 'Utilisateur non authentifié'
,Chrome Headless 149.0.0.0 (Windows 10) LOG: '=== ÉTAT COMPLET DU COMPOSANT ==='
,Chrome Headless 149.0.0.0 (Windows 10) LOG: 'Is Authenticated:', false
,Chrome Headless 149.0.0.0 (Windows 10) LOG: 'Is Admin:', true
,Chrome Headless 149.0.0.0 (Windows 10) LOG: 'Current User:', Object{id: 1, nom: 'Admin', prenom: 'System', email: 'admin@maboutique.com', role: 'ADMIN'}
,Chrome Headless 149.0.0.0 (Windows 10) LOG: 'Token exists:', true
,Chrome Headless 149.0.0.0 (Windows 10) LOG: '===================='
,Chrome Headless 149.0.0.0 (Windows 10) LOG: '=== TEST API DIRECT AVEC FETCH ==='
,Chrome Headless 149.0.0.0 (Windows 10) LOG: '=== UserListComponent initialisé ==='
,Chrome Headless 149.0.0.0 (Windows 10) LOG: 'URL API UserService:', 'http://localhost:8080/api'
,Chrome Headless 149.0.0.0 (Windows 10) LOG: 'Utilisateur connecté:', Object{id: 1, nom: 'Admin', prenom: 'System', email: 'admin@maboutique.com', role: 'ADMIN'}
,Chrome Headless 149.0.0.0 (Windows 10) LOG: 'Est admin?', false
,Chrome Headless 149.0.0.0 (Windows 10) LOG: 'Est authentifié?', true
,Chrome Headless 149.0.0.0 (Windows 10) ERROR: 'Utilisateur n'est pas administrateur. Rôle:', 'ADMIN'
,Chrome Headless 149.0.0.0 (Windows 10) LOG: '=== ÉTAT COMPLET DU COMPOSANT ==='
,Chrome Headless 149.0.0.0 (Windows 10) LOG: 'Is Authenticated:', true
,Chrome Headless 149.0.0.0 (Windows 10) LOG: 'Is Admin:', false
,Chrome Headless 149.0.0.0 (Windows 10) LOG: 'Current User:', Object{id: 1, nom: 'Admin', prenom: 'System', email: 'admin@maboutique.com', role: 'ADMIN'}
,Chrome Headless 149.0.0.0 (Windows 10) LOG: 'Token exists:', true
,Chrome Headless 149.0.0.0 (Windows 10) LOG: '===================='
,Chrome Headless 149.0.0.0 (Windows 10) LOG: '=== TEST API DIRECT AVEC FETCH ==='
,Chrome Headless 149.0.0.0 (Windows 10) LOG: 'Fetch Response Status:', 404, 'Not Found'
,Chrome Headless 149.0.0.0 (Windows 10) LOG: 'Fetch Response Headers:', Headers{}
,Chrome Headless 149.0.0.0 (Windows 10) ERROR: 'Fetch Error:', Error: HTTP 404: Not Found
Error: HTTP 404: Not Found
    at apply (http://localhost:9876/_karma_webpack_/webpack:/src/app/users/user-list/user-list.component.ts:75:17)
    at _ZoneDelegate.invoke (http://localhost:9876/_karma_webpack_/webpack:/node_modules/zone.js/fesm2015/zone.js:368:26)
    at ProxyZoneSpec.onInvoke (http://localhost:9876/_karma_webpack_/webpack:/node_modules/zone.js/fesm2015/zone-testing.js:273:39)
    at _ZoneDelegate.invoke (http://localhost:9876/_karma_webpack_/webpack:/node_modules/zone.js/fesm2015/zone.js:367:52)
    at Object.onInvoke (http://localhost:9876/_karma_webpack_/webpack:/node_modules/@angular/core/fesm2022/core.mjs:11083:33)
    at _ZoneDelegate.invoke (http://localhost:9876/_karma_webpack_/webpack:/node_modules/zone.js/fesm2015/zone.js:367:52)
    at Zone.run (http://localhost:9876/_karma_webpack_/webpack:/node_modules/zone.js/fesm2015/zone.js:129:43)
    at apply (http://localhost:9876/_karma_webpack_/webpack:/node_modules/zone.js/fesm2015/zone.js:1257:36)
    at _ZoneDelegate.invokeTask (http://localhost:9876/_karma_webpack_/webpack:/node_modules/zone.js/fesm2015/zone.js:402:31)
    at ProxyZoneSpec.onInvokeTask (http://localhost:9876/_karma_webpack_/webpack:/node_modules/zone.js/fesm2015/zone-testing.js:304:39)
,Chrome Headless 149.0.0.0 (Windows 10) ERROR: 'Message d'erreur:', 'HTTP 404: Not Found'
,Chrome Headless 149.0.0.0 (Windows 10) LOG: '=== UserListComponent initialisé ==='
,Chrome Headless 149.0.0.0 (Windows 10) LOG: 'URL API UserService:', 'http://localhost:8080/api'
,Chrome Headless 149.0.0.0 (Windows 10) LOG: 'Utilisateur connecté:', Object{id: 1, nom: 'Admin', prenom: 'System', email: 'admin@maboutique.com', role: 'ADMIN'}
,Chrome Headless 149.0.0.0 (Windows 10) LOG: 'Est admin?', true
,Chrome Headless 149.0.0.0 (Windows 10) LOG: 'Est authentifié?', true
,Chrome Headless 149.0.0.0 (Windows 10) LOG: '=== DÉBUT CHARGEMENT UTILISATEURS ==='
,Chrome Headless 149.0.0.0 (Windows 10) LOG: 'URL utilisée:', '/api/users'
,Chrome Headless 149.0.0.0 (Windows 10) LOG: '✅ Backend accessible:', Object{success: true}
,Chrome Headless 149.0.0.0 (Windows 10) LOG: '✅ Données API reçues:', []
,Chrome Headless 149.0.0.0 (Windows 10) LOG: 'Type:', 'object'
,Chrome Headless 149.0.0.0 (Windows 10) LOG: 'Is Array:', true
,Chrome Headless 149.0.0.0 (Windows 10) LOG: '📊 0 utilisateur(s) chargé(s) avec succès'
,Chrome Headless 149.0.0.0 (Windows 10) WARN: '⚠️ Tableau d'utilisateurs vide'
,Chrome Headless 149.0.0.0 (Windows 10) LOG: '=== ÉTAT COMPLET DU COMPOSANT ==='
,Chrome Headless 149.0.0.0 (Windows 10) LOG: 'Is Authenticated:', true
,Chrome Headless 149.0.0.0 (Windows 10) LOG: 'Is Admin:', true
,Chrome Headless 149.0.0.0 (Windows 10) LOG: 'Current User:', Object{id: 1, nom: 'Admin', prenom: 'System', email: 'admin@maboutique.com', role: 'ADMIN'}
,Chrome Headless 149.0.0.0 (Windows 10) LOG: 'Token exists:', true
,Chrome Headless 149.0.0.0 (Windows 10) LOG: '===================='
,Chrome Headless 149.0.0.0 (Windows 10) LOG: '=== TEST API DIRECT AVEC FETCH ==='
,Chrome Headless 149.0.0.0 (Windows 10) LOG: 'Fetch Response Status:', 404, 'Not Found'
,Chrome Headless 149.0.0.0 (Windows 10) LOG: 'Fetch Response Headers:', Headers{}
,Chrome Headless 149.0.0.0 (Windows 10) ERROR: 'Fetch Error:', Error: HTTP 404: Not Found
Error: HTTP 404: Not Found
    at apply (http://localhost:9876/_karma_webpack_/webpack:/src/app/users/user-list/user-list.component.ts:75:17)
    at _ZoneDelegate.invoke (http://localhost:9876/_karma_webpack_/webpack:/node_modules/zone.js/fesm2015/zone.js:368:26)
    at ProxyZoneSpec.onInvoke (http://localhost:9876/_karma_webpack_/webpack:/node_modules/zone.js/fesm2015/zone-testing.js:273:39)
    at _ZoneDelegate.invoke (http://localhost:9876/_karma_webpack_/webpack:/node_modules/zone.js/fesm2015/zone.js:367:52)
    at Object.onInvoke (http://localhost:9876/_karma_webpack_/webpack:/node_modules/@angular/core/fesm2022/core.mjs:11083:33)
    at _ZoneDelegate.invoke (http://localhost:9876/_karma_webpack_/webpack:/node_modules/zone.js/fesm2015/zone.js:367:52)
    at Zone.run (http://localhost:9876/_karma_webpack_/webpack:/node_modules/zone.js/fesm2015/zone.js:129:43)
    at apply (http://localhost:9876/_karma_webpack_/webpack:/node_modules/zone.js/fesm2015/zone.js:1257:36)
    at _ZoneDelegate.invokeTask (http://localhost:9876/_karma_webpack_/webpack:/node_modules/zone.js/fesm2015/zone.js:402:31)
    at ProxyZoneSpec.onInvokeTask (http://localhost:9876/_karma_webpack_/webpack:/node_modules/zone.js/fesm2015/zone-testing.js:304:39)
,Chrome Headless 149.0.0.0 (Windows 10) ERROR: 'Message d'erreur:', 'HTTP 404: Not Found'
,Chrome Headless 149.0.0.0 (Windows 10) LOG: '=== UserListComponent initialisé ==='
,Chrome Headless 149.0.0.0 (Windows 10) LOG: 'URL API UserService:', 'http://localhost:8080/api'
,Chrome Headless 149.0.0.0 (Windows 10) LOG: 'Utilisateur connecté:', Object{id: 1, nom: 'Admin', prenom: 'System', email: 'admin@maboutique.com', role: 'ADMIN'}
,Chrome Headless 149.0.0.0 (Windows 10) LOG: 'Est admin?', true
,Chrome Headless 149.0.0.0 (Windows 10) LOG: 'Est authentifié?', true
,Chrome Headless 149.0.0.0 (Windows 10) LOG: '=== DÉBUT CHARGEMENT UTILISATEURS ==='
,Chrome Headless 149.0.0.0 (Windows 10) LOG: 'URL utilisée:', '/api/users'
,Chrome Headless 149.0.0.0 (Windows 10) LOG: '✅ Backend accessible:', Object{success: true}
,Chrome Headless 149.0.0.0 (Windows 10) LOG: '✅ Données API reçues:', []
,Chrome Headless 149.0.0.0 (Windows 10) LOG: 'Type:', 'object'
,Chrome Headless 149.0.0.0 (Windows 10) LOG: 'Is Array:', true
,Chrome Headless 149.0.0.0 (Windows 10) LOG: '📊 0 utilisateur(s) chargé(s) avec succès'
,Chrome Headless 149.0.0.0 (Windows 10) WARN: '⚠️ Tableau d'utilisateurs vide'
,Chrome Headless 149.0.0.0 (Windows 10) LOG: '=== ÉTAT COMPLET DU COMPOSANT ==='
,Chrome Headless 149.0.0.0 (Windows 10) LOG: 'Is Authenticated:', true
,Chrome Headless 149.0.0.0 (Windows 10) LOG: 'Is Admin:', true
,Chrome Headless 149.0.0.0 (Windows 10) LOG: 'Current User:', Object{id: 1, nom: 'Admin', prenom: 'System', email: 'admin@maboutique.com', role: 'ADMIN'}
,Chrome Headless 149.0.0.0 (Windows 10) LOG: 'Token exists:', true
,Chrome Headless 149.0.0.0 (Windows 10) LOG: '===================='
,Chrome Headless 149.0.0.0 (Windows 10) LOG: '=== TEST API DIRECT AVEC FETCH ==='
,Chrome Headless 149.0.0.0 (Windows 10) LOG: '=== DÉBUT CHARGEMENT UTILISATEURS ==='
,Chrome Headless 149.0.0.0 (Windows 10) LOG: 'URL utilisée:', '/api/users'
,Chrome Headless 149.0.0.0 (Windows 10) LOG: '✅ Backend accessible:', Object{success: true}
,Chrome Headless 149.0.0.0 (Windows 10) LOG: '✅ Données API reçues:', Object{data: 'invalid'}
,Chrome Headless 149.0.0.0 (Windows 10) LOG: 'Type:', 'object'
,Chrome Headless 149.0.0.0 (Windows 10) LOG: 'Is Array:', false
,Chrome Headless 149.0.0.0 (Windows 10) ERROR: '❌ Format de données incorrect:', Object{data: 'invalid'}
,Chrome Headless 149.0.0.0 (Windows 10) LOG: '=== DÉBUT CHARGEMENT UTILISATEURS ==='
,Chrome Headless 149.0.0.0 (Windows 10) LOG: 'URL utilisée:', '/api/users'
,Chrome Headless 149.0.0.0 (Windows 10) LOG: '✅ Backend accessible:', Object{success: true}
,Chrome Headless 149.0.0.0 (Windows 10) ERROR: '❌ Erreur lors du chargement des utilisateurs:', Object{status: 500, message: 'Server error'}
,Chrome Headless 149.0.0.0 (Windows 10) ERROR: '=== ERREUR DÉTAILLÉE ==='
,Chrome Headless 149.0.0.0 (Windows 10) ERROR: 'Status:', 500
,Chrome Headless 149.0.0.0 (Windows 10) ERROR: 'Status Text:', undefined
,Chrome Headless 149.0.0.0 (Windows 10) ERROR: 'Message:', 'Server error'
,Chrome Headless 149.0.0.0 (Windows 10) ERROR: 'URL:', undefined
,Chrome Headless 149.0.0.0 (Windows 10) ERROR: 'Error Object:', undefined
,Chrome Headless 149.0.0.0 (Windows 10) LOG: '=== DÉBUT CHARGEMENT UTILISATEURS ==='
,Chrome Headless 149.0.0.0 (Windows 10) LOG: 'URL utilisée:', '/api/users'
,Chrome Headless 149.0.0.0 (Windows 10) ERROR: '❌ Problème de connexion au backend:', Error: Connection failed
Error: Connection failed
    at errorFactory (http://localhost:9876/_karma_webpack_/webpack:/src/app/users/user-list/user-list.component.spec.ts:217:78)
    at Observable._subscribe (http://localhost:9876/_karma_webpack_/webpack:/node_modules/rxjs/dist/esm/internal/observable/throwError.js:5:51)
    at Observable._trySubscribe (http://localhost:9876/_karma_webpack_/webpack:/node_modules/rxjs/dist/esm/internal/Observable.js:37:25)
    at cb (http://localhost:9876/_karma_webpack_/webpack:/node_modules/rxjs/dist/esm/internal/Observable.js:31:30)
    at errorContext (http://localhost:9876/_karma_webpack_/webpack:/node_modules/rxjs/dist/esm/internal/util/errorContext.js:19:9)
    at Observable.subscribe (http://localhost:9876/_karma_webpack_/webpack:/node_modules/rxjs/dist/esm/internal/Observable.js:22:21)
    at UserListComponent.loadUsers (http://localhost:9876/_karma_webpack_/webpack:/src/app/users/user-list/user-list.component.ts:100:46)
    at UserContext.apply (http://localhost:9876/_karma_webpack_/webpack:/src/app/users/user-list/user-list.component.spec.ts:220:17)
    at UserContext.apply (http://localhost:9876/_karma_webpack_/webpack:/node_modules/zone.js/fesm2015/zone-testing.js:1987:30)
    at _ZoneDelegate.invoke (http://localhost:9876/_karma_webpack_/webpack:/node_modules/zone.js/fesm2015/zone.js:368:26)
,Chrome Headless 149.0.0.0 (Windows 10) LOG: 'Chargement de données mockées en mode développement...'
,Chrome Headless 149.0.0.0 (Windows 10) LOG: '=== DÉBUT CHARGEMENT UTILISATEURS ==='
,Chrome Headless 149.0.0.0 (Windows 10) LOG: 'URL utilisée:', '/api/users'
,Chrome Headless 149.0.0.0 (Windows 10) LOG: '✅ Backend accessible:', Object{success: true}
,Chrome Headless 149.0.0.0 (Windows 10) LOG: '✅ Données API reçues:', [Object{id: 1, nom: 'Doe', prenom: 'John', email: 'john@example.com', motDePasse: '', role: 'ADMIN'}, Object{id: 2, nom: 'Smith', prenom: 'Jane', email: 'jane@example.com', motDePasse: '', role: 'CLIENT'}, Object{id: 3, nom: 'Johnson', prenom: 'Bob', email: 'bob@example.com', motDePasse: '', role: 'CLIENT'}]
,Chrome Headless 149.0.0.0 (Windows 10) LOG: 'Type:', 'object'
,Chrome Headless 149.0.0.0 (Windows 10) LOG: 'Is Array:', true
,Chrome Headless 149.0.0.0 (Windows 10) LOG: '📊 3 utilisateur(s) chargé(s) avec succès'
,Chrome Headless 149.0.0.0 (Windows 10) LOG: '=== DÉBUT CHARGEMENT UTILISATEURS ==='
,Chrome Headless 149.0.0.0 (Windows 10) LOG: 'URL utilisée:', '/api/users'
,Chrome Headless 149.0.0.0 (Windows 10) LOG: '✅ Backend accessible:', Object{success: true}
,Chrome Headless 149.0.0.0 (Windows 10) LOG: '✅ Données API reçues:', []
,Chrome Headless 149.0.0.0 (Windows 10) LOG: 'Type:', 'object'
,Chrome Headless 149.0.0.0 (Windows 10) LOG: 'Is Array:', true
,Chrome Headless 149.0.0.0 (Windows 10) LOG: '📊 0 utilisateur(s) chargé(s) avec succès'
,Chrome Headless 149.0.0.0 (Windows 10) WARN: '⚠️ Tableau d'utilisateurs vide'
,Chrome Headless 149.0.0.0 (Windows 10) LOG: '✅ Utilisateur 2 supprimé avec succès'
,Chrome Headless 149.0.0.0 (Windows 10) ALERT: '✅ Utilisateur "Jane Smith" supprimé avec succès'
,Chrome Headless 149.0.0.0 (Windows 10) ERROR: 'ID utilisateur invalide'
,Chrome Headless 149.0.0.0 (Windows 10) ERROR: '❌ Erreur lors de la suppression:', Error: Delete failed
Error: Delete failed
    at errorFactory (http://localhost:9876/_karma_webpack_/webpack:/src/app/users/user-list/user-list.component.spec.ts:331:63)
    at Observable._subscribe (http://localhost:9876/_karma_webpack_/webpack:/node_modules/rxjs/dist/esm/internal/observable/throwError.js:5:51)
    at Observable._trySubscribe (http://localhost:9876/_karma_webpack_/webpack:/node_modules/rxjs/dist/esm/internal/Observable.js:37:25)
    at cb (http://localhost:9876/_karma_webpack_/webpack:/node_modules/rxjs/dist/esm/internal/Observable.js:31:30)
    at errorContext (http://localhost:9876/_karma_webpack_/webpack:/node_modules/rxjs/dist/esm/internal/util/errorContext.js:19:9)
    at Observable.subscribe (http://localhost:9876/_karma_webpack_/webpack:/node_modules/rxjs/dist/esm/internal/Observable.js:22:21)
    at UserListComponent.deleteUser (http://localhost:9876/_karma_webpack_/webpack:/src/app/users/user-list/user-list.component.ts:264:35)
    at UserContext.apply (http://localhost:9876/_karma_webpack_/webpack:/src/app/users/user-list/user-list.component.spec.ts:333:17)
    at _ZoneDelegate.invoke (http://localhost:9876/_karma_webpack_/webpack:/node_modules/zone.js/fesm2015/zone.js:368:26)
    at ProxyZoneSpec.onInvoke (http://localhost:9876/_karma_webpack_/webpack:/node_modules/zone.js/fesm2015/zone-testing.js:273:39)
,Chrome Headless 149.0.0.0 (Windows 10) LOG: 'Fetch Response Status:', 404, 'Not Found'
,Chrome Headless 149.0.0.0 (Windows 10) LOG: 'Fetch Response Headers:', Headers{}
,Chrome Headless 149.0.0.0 (Windows 10) ERROR: 'Fetch Error:', Error: HTTP 404: Not Found
Error: HTTP 404: Not Found
    at apply (http://localhost:9876/_karma_webpack_/webpack:/src/app/users/user-list/user-list.component.ts:75:17)
    at _ZoneDelegate.invoke (http://localhost:9876/_karma_webpack_/webpack:/node_modules/zone.js/fesm2015/zone.js:368:26)
    at ProxyZoneSpec.onInvoke (http://localhost:9876/_karma_webpack_/webpack:/node_modules/zone.js/fesm2015/zone-testing.js:273:39)
    at _ZoneDelegate.invoke (http://localhost:9876/_karma_webpack_/webpack:/node_modules/zone.js/fesm2015/zone.js:367:52)
    at Object.onInvoke (http://localhost:9876/_karma_webpack_/webpack:/node_modules/@angular/core/fesm2022/core.mjs:11083:33)
    at _ZoneDelegate.invoke (http://localhost:9876/_karma_webpack_/webpack:/node_modules/zone.js/fesm2015/zone.js:367:52)
    at Zone.run (http://localhost:9876/_karma_webpack_/webpack:/node_modules/zone.js/fesm2015/zone.js:129:43)
    at apply (http://localhost:9876/_karma_webpack_/webpack:/node_modules/zone.js/fesm2015/zone.js:1257:36)
    at _ZoneDelegate.invokeTask (http://localhost:9876/_karma_webpack_/webpack:/node_modules/zone.js/fesm2015/zone.js:402:31)
    at ProxyZoneSpec.onInvokeTask (http://localhost:9876/_karma_webpack_/webpack:/node_modules/zone.js/fesm2015/zone-testing.js:304:39)
,Chrome Headless 149.0.0.0 (Windows 10) ERROR: 'Message d'erreur:', 'HTTP 404: Not Found'
,Chrome Headless 149.0.0.0 (Windows 10) LOG: 'Fetch Response Status:', 404, 'Not Found'
,Chrome Headless 149.0.0.0 (Windows 10) LOG: 'Fetch Response Headers:', Headers{}
,Chrome Headless 149.0.0.0 (Windows 10) ERROR: 'Fetch Error:', Error: HTTP 404: Not Found
Error: HTTP 404: Not Found
    at apply (http://localhost:9876/_karma_webpack_/webpack:/src/app/users/user-list/user-list.component.ts:75:17)
    at _ZoneDelegate.invoke (http://localhost:9876/_karma_webpack_/webpack:/node_modules/zone.js/fesm2015/zone.js:368:26)
    at ProxyZoneSpec.onInvoke (http://localhost:9876/_karma_webpack_/webpack:/node_modules/zone.js/fesm2015/zone-testing.js:273:39)
    at _ZoneDelegate.invoke (http://localhost:9876/_karma_webpack_/webpack:/node_modules/zone.js/fesm2015/zone.js:367:52)
    at Object.onInvoke (http://localhost:9876/_karma_webpack_/webpack:/node_modules/@angular/core/fesm2022/core.mjs:11083:33)
    at _ZoneDelegate.invoke (http://localhost:9876/_karma_webpack_/webpack:/node_modules/zone.js/fesm2015/zone.js:367:52)
    at Zone.run (http://localhost:9876/_karma_webpack_/webpack:/node_modules/zone.js/fesm2015/zone.js:129:43)
    at apply (http://localhost:9876/_karma_webpack_/webpack:/node_modules/zone.js/fesm2015/zone.js:1257:36)
    at _ZoneDelegate.invokeTask (http://localhost:9876/_karma_webpack_/webpack:/node_modules/zone.js/fesm2015/zone.js:402:31)
    at ProxyZoneSpec.onInvokeTask (http://localhost:9876/_karma_webpack_/webpack:/node_modules/zone.js/fesm2015/zone-testing.js:304:39)
,Chrome Headless 149.0.0.0 (Windows 10) ERROR: 'Message d'erreur:', 'HTTP 404: Not Found'
,Chrome Headless 149.0.0.0 (Windows 10) LOG: '🌐 API URL utilisée:', '/api/users'
,Chrome Headless 149.0.0.0 (Windows 10) LOG: '🌐 API URL utilisée:', '/api/users'
,Chrome Headless 149.0.0.0 (Windows 10) LOG: '🌐 API URL utilisée:', '/api/users'
,Chrome Headless 149.0.0.0 (Windows 10) LOG: '🌐 API URL utilisée:', '/api/users'
,Chrome Headless 149.0.0.0 (Windows 10) ALERT: 'Test mock alert'
,Chrome Headless 149.0.0.0 (Windows 10) LOG: '✅ Alert mock works!'
,Chrome Headless 149.0.0.0 (Windows 10) CONFIRM: 'Test mock confirm'
,Chrome Headless 149.0.0.0 (Windows 10) ERROR
  Disconnected reconnect failed before timeout of 10000ms (ping timeout)

]]>
  </system-out>
  <system-err/>
</testsuite>